Component: ARM Compiler 6.12 Tool: armlink [5d624300]

==============================================================================

Section Cross References

    startup_stm32f407xx.o(RESET) refers to startup_stm32f407xx.o(STACK) for __initial_sp
    startup_stm32f407xx.o(RESET) refers to startup_stm32f407xx.o(.text) for Reset_Handler
    startup_stm32f407xx.o(RESET) refers to stm32f4xx_it.o(.text.NMI_Handler) for NMI_Handler
    startup_stm32f407xx.o(RESET) refers to stm32f4xx_it.o(.text.HardFault_Handler) for HardFault_Handler
    startup_stm32f407xx.o(RESET) refers to stm32f4xx_it.o(.text.MemManage_Handler) for MemManage_Handler
    startup_stm32f407xx.o(RESET) refers to stm32f4xx_it.o(.text.BusFault_Handler) for BusFault_Handler
    startup_stm32f407xx.o(RESET) refers to stm32f4xx_it.o(.text.UsageFault_Handler) for UsageFault_Handler
    startup_stm32f407xx.o(RESET) refers to stm32f4xx_it.o(.text.SVC_Handler) for SVC_Handler
    startup_stm32f407xx.o(RESET) refers to stm32f4xx_it.o(.text.DebugMon_Handler) for DebugMon_Handler
    startup_stm32f407xx.o(RESET) refers to stm32f4xx_it.o(.text.PendSV_Handler) for PendSV_Handler
    startup_stm32f407xx.o(RESET) refers to stm32f4xx_it.o(.text.SysTick_Handler) for SysTick_Handler
    startup_stm32f407xx.o(RESET) refers to stm32f4xx_it.o(.text.EXTI0_IRQHandler) for EXTI0_IRQHandler
    startup_stm32f407xx.o(RESET) refers to stm32f4xx_it.o(.text.EXTI1_IRQHandler) for EXTI1_IRQHandler
    startup_stm32f407xx.o(RESET) refers to stm32f4xx_it.o(.text.EXTI2_IRQHandler) for EXTI2_IRQHandler
    startup_stm32f407xx.o(RESET) refers to stm32f4xx_it.o(.text.EXTI3_IRQHandler) for EXTI3_IRQHandler
    startup_stm32f407xx.o(RESET) refers to stm32f4xx_it.o(.text.EXTI4_IRQHandler) for EXTI4_IRQHandler
    startup_stm32f407xx.o(RESET) refers to stm32f4xx_it.o(.text.EXTI9_5_IRQHandler) for EXTI9_5_IRQHandler
    startup_stm32f407xx.o(RESET) refers to stm32f4xx_it.o(.text.EXTI15_10_IRQHandler) for EXTI15_10_IRQHandler
    startup_stm32f407xx.o(.text) refers to system_stm32f4xx.o(.text.SystemInit) for SystemInit
    startup_stm32f407xx.o(.text) refers to entry.o(.ARM.Collect$$$$00000000) for __main
    gui.o(.ARM.exidx.text.LCD_BGR2RGB) refers to gui.o(.text.LCD_BGR2RGB) for [Anonymous Symbol]
    gui.o(.text.Gui_Circle) refers to spi.o(.text.Gui_DrawPoint) for Gui_DrawPoint
    gui.o(.ARM.exidx.text.Gui_Circle) refers to gui.o(.text.Gui_Circle) for [Anonymous Symbol]
    gui.o(.text.Gui_DrawLine) refers to spi.o(.text.Lcd_SetXY) for Lcd_SetXY
    gui.o(.text.Gui_DrawLine) refers to spi.o(.text.Gui_DrawPoint) for Gui_DrawPoint
    gui.o(.ARM.exidx.text.Gui_DrawLine) refers to gui.o(.text.Gui_DrawLine) for [Anonymous Symbol]
    gui.o(.text.Gui_box) refers to gui.o(.text.Gui_DrawLine) for Gui_DrawLine
    gui.o(.ARM.exidx.text.Gui_box) refers to gui.o(.text.Gui_box) for [Anonymous Symbol]
    gui.o(.text.Gui_box2) refers to gui.o(.text.Gui_DrawLine) for Gui_DrawLine
    gui.o(.ARM.exidx.text.Gui_box2) refers to gui.o(.text.Gui_box2) for [Anonymous Symbol]
    gui.o(.text.DisplayButtonDown) refers to gui.o(.text.Gui_DrawLine) for Gui_DrawLine
    gui.o(.ARM.exidx.text.DisplayButtonDown) refers to gui.o(.text.DisplayButtonDown) for [Anonymous Symbol]
    gui.o(.text.DisplayButtonUp) refers to gui.o(.text.Gui_DrawLine) for Gui_DrawLine
    gui.o(.ARM.exidx.text.DisplayButtonUp) refers to gui.o(.text.DisplayButtonUp) for [Anonymous Symbol]
    gui.o(.text.Gui_DrawFont_GBK16) refers to font.o(.rodata.hz16) for hz16
    gui.o(.text.Gui_DrawFont_GBK16) refers to spi.o(.text.Gui_DrawPoint) for Gui_DrawPoint
    gui.o(.text.Gui_DrawFont_GBK16) refers to font.o(.rodata.asc16) for asc16
    gui.o(.ARM.exidx.text.Gui_DrawFont_GBK16) refers to gui.o(.text.Gui_DrawFont_GBK16) for [Anonymous Symbol]
    gui.o(.text.Gui_DrawFont_GBK24) refers to font.o(.rodata.asc16) for asc16
    gui.o(.text.Gui_DrawFont_GBK24) refers to spi.o(.text.Gui_DrawPoint) for Gui_DrawPoint
    gui.o(.text.Gui_DrawFont_GBK24) refers to font.o(.rodata.hz24) for hz24
    gui.o(.ARM.exidx.text.Gui_DrawFont_GBK24) refers to gui.o(.text.Gui_DrawFont_GBK24) for [Anonymous Symbol]
    gui.o(.text.Gui_DrawFont_Num32) refers to font.o(.rodata.sz32) for sz32
    gui.o(.text.Gui_DrawFont_Num32) refers to spi.o(.text.Gui_DrawPoint) for Gui_DrawPoint
    gui.o(.ARM.exidx.text.Gui_DrawFont_Num32) refers to gui.o(.text.Gui_DrawFont_Num32) for [Anonymous Symbol]
    gui.o(.text.LCD_OUTPUT_Float) refers to f2d.o(.text) for __aeabi_f2d
    gui.o(.text.LCD_OUTPUT_Float) refers to printfa.o(i.__0sprintf) for __2sprintf
    gui.o(.text.LCD_OUTPUT_Float) refers to gui.o(.text.Gui_DrawFont_GBK16) for Gui_DrawFont_GBK16
    gui.o(.ARM.exidx.text.LCD_OUTPUT_Float) refers to gui.o(.text.LCD_OUTPUT_Float) for [Anonymous Symbol]
    gui.o(.text.LCD_DrawSqure) refers to gui.o(.text.Gui_DrawLine) for Gui_DrawLine
    gui.o(.ARM.exidx.text.LCD_DrawSqure) refers to gui.o(.text.LCD_DrawSqure) for [Anonymous Symbol]
[...]
    Removing stm32f4xx_hal_pwr.o(.text.HAL_PWR_ConfigPVD), (112 bytes).
    Removing stm32f4xx_hal_pwr.o(.ARM.exidx.text.HAL_PWR_ConfigPVD), (8 bytes).
    Removing stm32f4xx_hal_pwr.o(.text.HAL_PWR_EnablePVD), (12 bytes).
    Removing stm32f4xx_hal_pwr.o(.ARM.exidx.text.HAL_PWR_EnablePVD), (8 bytes).
    Removing stm32f4xx_hal_pwr.o(.text.HAL_PWR_DisablePVD), (12 bytes).
    Removing stm32f4xx_hal_pwr.o(.ARM.exidx.text.HAL_PWR_DisablePVD), (8 bytes).
    Removing stm32f4xx_hal_pwr.o(.text.HAL_PWR_EnableWakeUpPin), (16 bytes).
    Removing stm32f4xx_hal_pwr.o(.ARM.exidx.text.HAL_PWR_EnableWakeUpPin), (8 bytes).
    Removing stm32f4xx_hal_pwr.o(.text.HAL_PWR_DisableWakeUpPin), (18 bytes).
    Removing stm32f4xx_hal_pwr.o(.ARM.exidx.text.HAL_PWR_DisableWakeUpPin), (8 bytes).
    Removing stm32f4xx_hal_pwr.o(.text.HAL_PWR_EnterSLEEPMode), (30 bytes).
    Removing stm32f4xx_hal_pwr.o(.ARM.exidx.text.HAL_PWR_EnterSLEEPMode), (8 bytes).
    Removing stm32f4xx_hal_pwr.o(.text.HAL_PWR_EnterSTOPMode), (58 bytes).
    Removing stm32f4xx_hal_pwr.o(.ARM.exidx.text.HAL_PWR_EnterSTOPMode), (8 bytes).
    Removing stm32f4xx_hal_pwr.o(.text.HAL_PWR_EnterSTANDBYMode), (36 bytes).
    Removing stm32f4xx_hal_pwr.o(.ARM.exidx.text.HAL_PWR_EnterSTANDBYMode), (8 bytes).
    Removing stm32f4xx_hal_pwr.o(.text.HAL_PWR_PVD_IRQHandler), (30 bytes).
    Removing stm32f4xx_hal_pwr.o(.ARM.exidx.text.HAL_PWR_PVD_IRQHandler), (8 bytes).
    Removing stm32f4xx_hal_pwr.o(.text.HAL_PWR_PVDCallback), (2 bytes).
    Removing stm32f4xx_hal_pwr.o(.ARM.exidx.text.HAL_PWR_PVDCallback), (8 bytes).
    Removing stm32f4xx_hal_pwr.o(.text.HAL_PWR_EnableSleepOnExit), (18 bytes).
    Removing stm32f4xx_hal_pwr.o(.ARM.exidx.text.HAL_PWR_EnableSleepOnExit), (8 bytes).
    Removing stm32f4xx_hal_pwr.o(.text.HAL_PWR_DisableSleepOnExit), (18 bytes).
    Removing stm32f4xx_hal_pwr.o(.ARM.exidx.text.HAL_PWR_DisableSleepOnExit), (8 bytes).
    Removing stm32f4xx_hal_pwr.o(.text.HAL_PWR_EnableSEVOnPend), (18 bytes).
    Removing stm32f4xx_hal_pwr.o(.ARM.exidx.text.HAL_PWR_EnableSEVOnPend), (8 bytes).
    Removing stm32f4xx_hal_pwr.o(.text.HAL_PWR_DisableSEVOnPend), (18 bytes).
    Removing stm32f4xx_hal_pwr.o(.ARM.exidx.text.HAL_PWR_DisableSEVOnPend), (8 bytes).
    Removing stm32f4xx_hal_pwr_ex.o(.text), (0 bytes).
    Removing stm32f4xx_hal_pwr_ex.o(.text.HAL_PWREx_EnableBkUpReg), (56 bytes).
    Removing stm32f4xx_hal_pwr_ex.o(.ARM.exidx.text.HAL_PWREx_EnableBkUpReg), (8 bytes).
    Removing stm32f4xx_hal_pwr_ex.o(.text.HAL_PWREx_DisableBkUpReg), (56 bytes).
    Removing stm32f4xx_hal_pwr_ex.o(.ARM.exidx.text.HAL_PWREx_DisableBkUpReg), (8 bytes).
    Removing stm32f4xx_hal_pwr_ex.o(.text.HAL_PWREx_EnableFlashPowerDown), (12 bytes).
    Removing stm32f4xx_hal_pwr_ex.o(.ARM.exidx.text.HAL_PWREx_EnableFlashPowerDown), (8 bytes).
    Removing stm32f4xx_hal_pwr_ex.o(.text.HAL_PWREx_DisableFlashPowerDown), (12 bytes).
    Removing stm32f4xx_hal_pwr_ex.o(.ARM.exidx.text.HAL_PWREx_DisableFlashPowerDown), (8 bytes).
    Removing stm32f4xx_hal_pwr_ex.o(.text.HAL_PWREx_GetVoltageRange), (16 bytes).
    Removing stm32f4xx_hal_pwr_ex.o(.ARM.exidx.text.HAL_PWREx_GetVoltageRange), (8 bytes).
    Removing stm32f4xx_hal_pwr_ex.o(.text.HAL_PWREx_ControlVoltageScaling), (100 bytes).
    Removing stm32f4xx_hal_pwr_ex.o(.ARM.exidx.text.HAL_PWREx_ControlVoltageScaling), (8 bytes).
    Removing stm32f4xx_hal_cortex.o(.text), (0 bytes).
    Removing stm32f4xx_hal_cortex.o(.ARM.exidx.text.HAL_NVIC_SetPriorityGrouping), (8 bytes).
    Removing stm32f4xx_hal_cortex.o(.ARM.exidx.text.HAL_NVIC_SetPriority), (8 bytes).
    Removing stm32f4xx_hal_cortex.o(.ARM.exidx.text.HAL_NVIC_EnableIRQ), (8 bytes).
    Removing stm32f4xx_hal_cortex.o(.text.HAL_NVIC_DisableIRQ), (38 bytes).
    Removing stm32f4xx_hal_cortex.o(.ARM.exidx.text.HAL_NVIC_DisableIRQ), (8 bytes).
    Removing stm32f4xx_hal_cortex.o(.text.HAL_NVIC_SystemReset), (4 bytes).
    Removing stm32f4xx_hal_cortex.o(.ARM.exidx.text.HAL_NVIC_SystemReset), (8 bytes).
    Removing stm32f4xx_hal_cortex.o(.text.__NVIC_SystemReset), (36 bytes).
    Removing stm32f4xx_hal_cortex.o(.ARM.exidx.text.__NVIC_SystemReset), (8 bytes).
    Removing stm32f4xx_hal_cortex.o(.ARM.exidx.text.HAL_SYSTICK_Config), (8 bytes).
    Removing stm32f4xx_hal_cortex.o(.text.HAL_MPU_Disable), (26 bytes).
    Removing stm32f4xx_hal_cortex.o(.ARM.exidx.text.HAL_MPU_Disable), (8 bytes).
    Removing stm32f4xx_hal_cortex.o(.text.HAL_MPU_Enable), (32 bytes).
    Removing stm32f4xx_hal_cortex.o(.ARM.exidx.text.HAL_MPU_Enable), (8 bytes).
    Removing stm32f4xx_hal_cortex.o(.text.HAL_MPU_ConfigRegion), (90 bytes).
    Removing stm32f4xx_hal_cortex.o(.ARM.exidx.text.HAL_MPU_ConfigRegion), (8 bytes).
    Removing stm32f4xx_hal_cortex.o(.text.HAL_NVIC_GetPriorityGrouping), (16 bytes).
    Removing stm32f4xx_hal_cortex.o(.ARM.exidx.text.HAL_NVIC_GetPriorityGrouping), (8 bytes).
    Removing stm32f4xx_hal_cortex.o(.text.HAL_NVIC_GetPriority), (88 bytes).
    Removing stm32f4xx_hal_cortex.o(.ARM.exidx.text.HAL_NVIC_GetPriority), (8 bytes).
    Removing stm32f4xx_hal_cortex.o(.text.HAL_NVIC_SetPendingIRQ), (30 bytes).
    Removing stm32f4xx_hal_cortex.o(.ARM.exidx.text.HAL_NVIC_SetPendingIRQ), (8 bytes).
    Removing stm32f4xx_hal_cortex.o(.text.HAL_NVIC_GetPendingIRQ), (40 bytes).
    Removing stm32f4xx_hal_cortex.o(.ARM.exidx.text.HAL_NVIC_GetPendingIRQ), (8 bytes).
    Removing stm32f4xx_hal_cortex.o(.text.HAL_NVIC_ClearPendingIRQ), (30 bytes).
    Removing stm32f4xx_hal_cortex.o(.ARM.exidx.text.HAL_NVIC_ClearPendingIRQ), (8 bytes).
    Removing stm32f4xx_hal_cortex.o(.text.HAL_NVIC_GetActive), (40 bytes).
    Removing stm32f4xx_hal_cortex.o(.ARM.exidx.text.HAL_NVIC_GetActive), (8 bytes).
    Removing stm32f4xx_hal_cortex.o(.text.HAL_SYSTICK_CLKSourceConfig), (26 bytes).
    Removing stm32f4xx_hal_cortex.o(.ARM.exidx.text.HAL_SYSTICK_CLKSourceConfig), (8 bytes).
    Removing stm32f4xx_hal_cortex.o(.text.HAL_SYSTICK_IRQHandler), (4 bytes).
    Removing stm32f4xx_hal_cortex.o(.ARM.exidx.text.HAL_SYSTICK_IRQHandler), (8 bytes).
    Removing stm32f4xx_hal_cortex.o(.text.HAL_SYSTICK_Callback), (2 bytes).
    Removing stm32f4xx_hal_cortex.o(.ARM.exidx.text.HAL_SYSTICK_Callback), (8 bytes).
    Removing stm32f4xx_hal.o(.text), (0 bytes).
    Removing stm32f4xx_hal.o(.ARM.exidx.text.HAL_Init), (8 bytes).
    Removing stm32f4xx_hal.o(.ARM.exidx.text.HAL_InitTick), (8 bytes).
    Removing stm32f4xx_hal.o(.text.HAL_MspInit), (2 bytes).
    Removing stm32f4xx_hal.o(.ARM.exidx.text.HAL_MspInit), (8 bytes).
    Removing stm32f4xx_hal.o(.text.HAL_DeInit), (44 bytes).
    Removing stm32f4xx_hal.o(.ARM.exidx.text.HAL_DeInit), (8 bytes).
    Removing stm32f4xx_hal.o(.text.HAL_MspDeInit), (2 bytes).
    Removing stm32f4xx_hal.o(.ARM.exidx.text.HAL_MspDeInit), (8 bytes).
    Removing stm32f4xx_hal.o(.ARM.exidx.text.HAL_IncTick), (8 bytes).
    Removing stm32f4xx_hal.o(.ARM.exidx.text.HAL_GetTick), (8 bytes).
    Removing stm32f4xx_hal.o(.text.HAL_GetTickPrio), (12 bytes).
    Removing stm32f4xx_hal.o(.ARM.exidx.text.HAL_GetTickPrio), (8 bytes).
    Removing stm32f4xx_hal.o(.text.HAL_SetTickFreq), (34 bytes).
    Removing stm32f4xx_hal.o(.ARM.exidx.text.HAL_SetTickFreq), (8 bytes).
    Removing stm32f4xx_hal.o(.text.HAL_GetTickFreq), (12 bytes).
    Removing stm32f4xx_hal.o(.ARM.exidx.text.HAL_GetTickFreq), (8 bytes).
    Removing stm32f4xx_hal.o(.ARM.exidx.text.HAL_Delay), (8 bytes).
    Removing stm32f4xx_hal.o(.text.HAL_SuspendTick), (18 bytes).
    Removing stm32f4xx_hal.o(.ARM.exidx.text.HAL_SuspendTick), (8 bytes).
    Removing stm32f4xx_hal.o(.text.HAL_ResumeTick), (18 bytes).
    Removing stm32f4xx_hal.o(.ARM.exidx.text.HAL_ResumeTick), (8 bytes).
    Removing stm32f4xx_hal.o(.text.HAL_GetHalVersion), (10 bytes).
    Removing stm32f4xx_hal.o(.ARM.exidx.text.HAL_GetHalVersion), (8 bytes).
    Removing stm32f4xx_hal.o(.text.HAL_GetREVID), (14 bytes).
    Removing stm32f4xx_hal.o(.ARM.exidx.text.HAL_GetREVID), (8 bytes).
    Removing stm32f4xx_hal.o(.text.HAL_GetDEVID), (16 bytes).
    Removing stm32f4xx_hal.o(.ARM.exidx.text.HAL_GetDEVID), (8 bytes).
    Removing stm32f4xx_hal.o(.text.HAL_DBGMCU_EnableDBGSleepMode), (18 bytes).
    Removing stm32f4xx_hal.o(.ARM.exidx.text.HAL_DBGMCU_EnableDBGSleepMode), (8 bytes).
    Removing stm32f4xx_hal.o(.text.HAL_DBGMCU_DisableDBGSleepMode), (18 bytes).
    Removing stm32f4xx_hal.o(.ARM.exidx.text.HAL_DBGMCU_DisableDBGSleepMode), (8 bytes).
    Removing stm32f4xx_hal.o(.text.HAL_DBGMCU_EnableDBGStopMode), (18 bytes).
    Removing stm32f4xx_hal.o(.ARM.exidx.text.HAL_DBGMCU_EnableDBGStopMode), (8 bytes).
    Removing stm32f4xx_hal.o(.text.HAL_DBGMCU_DisableDBGStopMode), (18 bytes).
    Removing stm32f4xx_hal.o(.ARM.exidx.text.HAL_DBGMCU_DisableDBGStopMode), (8 bytes).
    Removing stm32f4xx_hal.o(.text.HAL_DBGMCU_EnableDBGStandbyMode), (18 bytes).
    Removing stm32f4xx_hal.o(.ARM.exidx.text.HAL_DBGMCU_EnableDBGStandbyMode), (8 bytes).
    Removing stm32f4xx_hal.o(.text.HAL_DBGMCU_DisableDBGStandbyMode), (18 bytes).
    Removing stm32f4xx_hal.o(.ARM.exidx.text.HAL_DBGMCU_DisableDBGStandbyMode), (8 bytes).
    Removing stm32f4xx_hal.o(.text.HAL_EnableCompensationCell), (14 bytes).
    Removing stm32f4xx_hal.o(.ARM.exidx.text.HAL_EnableCompensationCell), (8 bytes).
    Removing stm32f4xx_hal.o(.text.HAL_DisableCompensationCell), (14 bytes).
    Removing stm32f4xx_hal.o(.ARM.exidx.text.HAL_DisableCompensationCell), (8 bytes).
    Removing stm32f4xx_hal.o(.text.HAL_GetUIDw0), (12 bytes).
    Removing stm32f4xx_hal.o(.ARM.exidx.text.HAL_GetUIDw0), (8 bytes).
    Removing stm32f4xx_hal.o(.text.HAL_GetUIDw1), (12 bytes).
    Removing stm32f4xx_hal.o(.ARM.exidx.text.HAL_GetUIDw1), (8 bytes).
    Removing stm32f4xx_hal.o(.text.HAL_GetUIDw2), (12 bytes).
    Removing stm32f4xx_hal.o(.ARM.exidx.text.HAL_GetUIDw2), (8 bytes).
    Removing stm32f4xx_hal_exti.o(.text), (0 bytes).
    Removing stm32f4xx_hal_exti.o(.text.HAL_EXTI_SetConfigLine), (88 bytes).
    Removing stm32f4xx_hal_exti.o(.ARM.exidx.text.HAL_EXTI_SetConfigLine), (8 bytes).
    Removing stm32f4xx_hal_exti.o(.text.HAL_EXTI_GetConfigLine), (96 bytes).
    Removing stm32f4xx_hal_exti.o(.ARM.exidx.text.HAL_EXTI_GetConfigLine), (8 bytes).
    Removing stm32f4xx_hal_exti.o(.text.HAL_EXTI_ClearConfigLine), (46 bytes).
    Removing stm32f4xx_hal_exti.o(.ARM.exidx.text.HAL_EXTI_ClearConfigLine), (8 bytes).
    Removing stm32f4xx_hal_exti.o(.text.HAL_EXTI_RegisterCallback), (12 bytes).
    Removing stm32f4xx_hal_exti.o(.ARM.exidx.text.HAL_EXTI_RegisterCallback), (8 bytes).
    Removing stm32f4xx_hal_exti.o(.text.HAL_EXTI_GetHandle), (12 bytes).
    Removing stm32f4xx_hal_exti.o(.ARM.exidx.text.HAL_EXTI_GetHandle), (8 bytes).
    Removing stm32f4xx_hal_exti.o(.text.HAL_EXTI_IRQHandler), (24 bytes).
    Removing stm32f4xx_hal_exti.o(.ARM.exidx.text.HAL_EXTI_IRQHandler), (8 bytes).
    Removing stm32f4xx_hal_exti.o(.text.HAL_EXTI_GetPending), (28 bytes).
    Removing stm32f4xx_hal_exti.o(.ARM.exidx.text.HAL_EXTI_GetPending), (8 bytes).
    Removing stm32f4xx_hal_exti.o(.text.HAL_EXTI_ClearPending), (14 bytes).
    Removing stm32f4xx_hal_exti.o(.ARM.exidx.text.HAL_EXTI_ClearPending), (8 bytes).
    Removing stm32f4xx_hal_exti.o(.text.HAL_EXTI_GenerateSWI), (14 bytes).
    Removing stm32f4xx_hal_exti.o(.ARM.exidx.text.HAL_EXTI_GenerateSWI), (8 bytes).
    Removing stm32f4xx_hal_spi.o(.text), (0 bytes).
    Removing stm32f4xx_hal_spi.o(.ARM.exidx.text.HAL_SPI_Init), (8 bytes).
    Removing stm32f4xx_hal_spi.o(.text.HAL_SPI_MspInit), (2 bytes).
    Removing stm32f4xx_hal_spi.o(.ARM.exidx.text.HAL_SPI_MspInit), (8 bytes).
    Removing stm32f4xx_hal_spi.o(.text.HAL_SPI_DeInit), (46 bytes).
    Removing stm32f4xx_hal_spi.o(.ARM.exidx.text.HAL_SPI_DeInit), (8 bytes).
    Removing stm32f4xx_hal_spi.o(.text.HAL_SPI_MspDeInit), (2 bytes).
    Removing stm32f4xx_hal_spi.o(.ARM.exidx.text.HAL_SPI_MspDeInit), (8 bytes).
    Removing stm32f4xx_hal_spi.o(.ARM.exidx.text.HAL_SPI_Transmit), (8 bytes).
    Removing stm32f4xx_hal_spi.o(.ARM.exidx.text.SPI_EndRxTxTransaction), (8 bytes).
    Removing stm32f4xx_hal_spi.o(.text.HAL_SPI_Receive), (316 bytes).
    Removing stm32f4xx_hal_spi.o(.ARM.exidx.text.HAL_SPI_Receive), (8 bytes).
    Removing stm32f4xx_hal_spi.o(.text.HAL_SPI_TransmitReceive), (472 bytes).
    Removing stm32f4xx_hal_spi.o(.ARM.exidx.text.HAL_SPI_TransmitReceive), (8 bytes).
    Removing stm32f4xx_hal_spi.o(.text.SPI_EndRxTransaction), (82 bytes).
    Removing stm32f4xx_hal_spi.o(.ARM.exidx.text.SPI_EndRxTransaction), (8 bytes).
    Removing stm32f4xx_hal_spi.o(.text.HAL_SPI_Transmit_IT), (144 bytes).
    Removing stm32f4xx_hal_spi.o(.ARM.exidx.text.HAL_SPI_Transmit_IT), (8 bytes).
    Removing stm32f4xx_hal_spi.o(.text.SPI_TxISR_16BIT), (30 bytes).
    Removing stm32f4xx_hal_spi.o(.ARM.exidx.text.SPI_TxISR_16BIT), (8 bytes).
    Removing stm32f4xx_hal_spi.o(.text.SPI_TxISR_8BIT), (32 bytes).
    Removing stm32f4xx_hal_spi.o(.ARM.exidx.text.SPI_TxISR_8BIT), (8 bytes).
    Removing stm32f4xx_hal_spi.o(.text.HAL_SPI_Receive_IT), (182 bytes).
    Removing stm32f4xx_hal_spi.o(.ARM.exidx.text.HAL_SPI_Receive_IT), (8 bytes).
    Removing stm32f4xx_hal_spi.o(.text.HAL_SPI_TransmitReceive_IT), (218 bytes).
    Removing stm32f4xx_hal_spi.o(.ARM.exidx.text.HAL_SPI_TransmitReceive_IT), (8 bytes).
    Removing stm32f4xx_hal_spi.o(.text.SPI_RxISR_16BIT), (30 bytes).
    Removing stm32f4xx_hal_spi.o(.ARM.exidx.text.SPI_RxISR_16BIT), (8 bytes).
    Removing stm32f4xx_hal_spi.o(.text.SPI_RxISR_8BIT), (32 bytes).
    Removing stm32f4xx_hal_spi.o(.ARM.exidx.text.SPI_RxISR_8BIT), (8 bytes).
    Removing stm32f4xx_hal_spi.o(.text.SPI_2linesRxISR_16BIT), (40 bytes).
    Removing stm32f4xx_hal_spi.o(.ARM.exidx.text.SPI_2linesRxISR_16BIT), (8 bytes).
    Removing stm32f4xx_hal_spi.o(.text.SPI_2linesTxISR_16BIT), (40 bytes).
    Removing stm32f4xx_hal_spi.o(.ARM.exidx.text.SPI_2linesTxISR_16BIT), (8 bytes).
    Removing stm32f4xx_hal_spi.o(.text.SPI_2linesRxISR_8BIT), (44 bytes).
    Removing stm32f4xx_hal_spi.o(.ARM.exidx.text.SPI_2linesRxISR_8BIT), (8 bytes).
    Removing stm32f4xx_hal_spi.o(.text.SPI_2linesTxISR_8BIT), (44 bytes).
    Removing stm32f4xx_hal_spi.o(.ARM.exidx.text.SPI_2linesTxISR_8BIT), (8 bytes).
    Removing stm32f4xx_hal_spi.o(.text.HAL_SPI_Transmit_DMA), (194 bytes).
    Removing stm32f4xx_hal_spi.o(.ARM.exidx.text.HAL_SPI_Transmit_DMA), (8 bytes).
    Removing stm32f4xx_hal_spi.o(.text.SPI_DMAHalfTransmitCplt), (6 bytes).
    Removing stm32f4xx_hal_spi.o(.ARM.exidx.text.SPI_DMAHalfTransmitCplt), (8 bytes).
    Removing stm32f4xx_hal_spi.o(.text.SPI_DMATransmitCplt), (116 bytes).
    Removing stm32f4xx_hal_spi.o(.ARM.exidx.text.SPI_DMATransmitCplt), (8 bytes).
    Removing stm32f4xx_hal_spi.o(.text.SPI_DMAError), (30 bytes).
    Removing stm32f4xx_hal_spi.o(.ARM.exidx.text.SPI_DMAError), (8 bytes).
    Removing stm32f4xx_hal_spi.o(.text.HAL_SPI_Receive_DMA), (232 bytes).
    Removing stm32f4xx_hal_spi.o(.ARM.exidx.text.HAL_SPI_Receive_DMA), (8 bytes).
    Removing stm32f4xx_hal_spi.o(.text.HAL_SPI_TransmitReceive_DMA), (272 bytes).
    Removing stm32f4xx_hal_spi.o(.ARM.exidx.text.HAL_SPI_TransmitReceive_DMA), (8 bytes).
    Removing stm32f4xx_hal_spi.o(.text.SPI_DMAHalfReceiveCplt), (6 bytes).
    Removing stm32f4xx_hal_spi.o(.ARM.exidx.text.SPI_DMAHalfReceiveCplt), (8 bytes).
    Removing stm32f4xx_hal_spi.o(.text.SPI_DMAReceiveCplt), (86 bytes).
    Removing stm32f4xx_hal_spi.o(.ARM.exidx.text.SPI_DMAReceiveCplt), (8 bytes).
    Removing stm32f4xx_hal_spi.o(.text.SPI_DMAHalfTransmitReceiveCplt), (6 bytes).
    Removing stm32f4xx_hal_spi.o(.ARM.exidx.text.SPI_DMAHalfTransmitReceiveCplt), (8 bytes).
    Removing stm32f4xx_hal_spi.o(.text.SPI_DMATransmitReceiveCplt), (94 bytes).
    Removing stm32f4xx_hal_spi.o(.ARM.exidx.text.SPI_DMATransmitReceiveCplt), (8 bytes).
    Removing stm32f4xx_hal_spi.o(.text.HAL_SPI_Abort), (304 bytes).
    Removing stm32f4xx_hal_spi.o(.ARM.exidx.text.HAL_SPI_Abort), (8 bytes).
    Removing stm32f4xx_hal_spi.o(.text.SPI_AbortTx_ISR), (26 bytes).
    Removing stm32f4xx_hal_spi.o(.ARM.exidx.text.SPI_AbortTx_ISR), (8 bytes).
    Removing stm32f4xx_hal_spi.o(.text.SPI_AbortRx_ISR), (90 bytes).
    Removing stm32f4xx_hal_spi.o(.ARM.exidx.text.SPI_AbortRx_ISR), (8 bytes).
    Removing stm32f4xx_hal_spi.o(.text.HAL_SPI_Abort_IT), (316 bytes).
    Removing stm32f4xx_hal_spi.o(.ARM.exidx.text.HAL_SPI_Abort_IT), (8 bytes).
    Removing stm32f4xx_hal_spi.o(.text.SPI_DMATxAbortCallback), (136 bytes).
    Removing stm32f4xx_hal_spi.o(.ARM.exidx.text.SPI_DMATxAbortCallback), (8 bytes).
    Removing stm32f4xx_hal_spi.o(.text.SPI_DMARxAbortCallback), (122 bytes).
    Removing stm32f4xx_hal_spi.o(.ARM.exidx.text.SPI_DMARxAbortCallback), (8 bytes).
    Removing stm32f4xx_hal_spi.o(.text.HAL_SPI_AbortCpltCallback), (2 bytes).
    Removing stm32f4xx_hal_spi.o(.ARM.exidx.text.HAL_SPI_AbortCpltCallback), (8 bytes).
    Removing stm32f4xx_hal_spi.o(.text.HAL_SPI_DMAPause), (32 bytes).
    Removing stm32f4xx_hal_spi.o(.ARM.exidx.text.HAL_SPI_DMAPause), (8 bytes).
    Removing stm32f4xx_hal_spi.o(.text.HAL_SPI_DMAResume), (32 bytes).
    Removing stm32f4xx_hal_spi.o(.ARM.exidx.text.HAL_SPI_DMAResume), (8 bytes).
    Removing stm32f4xx_hal_spi.o(.text.HAL_SPI_DMAStop), (68 bytes).
    Removing stm32f4xx_hal_spi.o(.ARM.exidx.text.HAL_SPI_DMAStop), (8 bytes).
    Removing stm32f4xx_hal_spi.o(.text.HAL_SPI_IRQHandler), (272 bytes).
    Removing stm32f4xx_hal_spi.o(.ARM.exidx.text.HAL_SPI_IRQHandler), (8 bytes).
    Removing stm32f4xx_hal_spi.o(.text.SPI_DMAAbortOnError), (12 bytes).
    Removing stm32f4xx_hal_spi.o(.ARM.exidx.text.SPI_DMAAbortOnError), (8 bytes).
    Removing stm32f4xx_hal_spi.o(.text.HAL_SPI_ErrorCallback), (2 bytes).
    Removing stm32f4xx_hal_spi.o(.ARM.exidx.text.HAL_SPI_ErrorCallback), (8 bytes).
    Removing stm32f4xx_hal_spi.o(.text.HAL_SPI_TxCpltCallback), (2 bytes).
    Removing stm32f4xx_hal_spi.o(.ARM.exidx.text.HAL_SPI_TxCpltCallback), (8 bytes).
    Removing stm32f4xx_hal_spi.o(.text.HAL_SPI_RxCpltCallback), (2 bytes).
    Removing stm32f4xx_hal_spi.o(.ARM.exidx.text.HAL_SPI_RxCpltCallback), (8 bytes).
    Removing stm32f4xx_hal_spi.o(.text.HAL_SPI_TxRxCpltCallback), (2 bytes).
    Removing stm32f4xx_hal_spi.o(.ARM.exidx.text.HAL_SPI_TxRxCpltCallback), (8 bytes).
    Removing stm32f4xx_hal_spi.o(.text.HAL_SPI_TxHalfCpltCallback), (2 bytes).
    Removing stm32f4xx_hal_spi.o(.ARM.exidx.text.HAL_SPI_TxHalfCpltCallback), (8 bytes).
    Removing stm32f4xx_hal_spi.o(.text.HAL_SPI_RxHalfCpltCallback), (2 bytes).
    Removing stm32f4xx_hal_spi.o(.ARM.exidx.text.HAL_SPI_RxHalfCpltCallback), (8 bytes).
    Removing stm32f4xx_hal_spi.o(.text.HAL_SPI_TxRxHalfCpltCallback), (2 bytes).
    Removing stm32f4xx_hal_spi.o(.ARM.exidx.text.HAL_SPI_TxRxHalfCpltCallback), (8 bytes).
    Removing stm32f4xx_hal_spi.o(.text.HAL_SPI_GetState), (6 bytes).
    Removing stm32f4xx_hal_spi.o(.ARM.exidx.text.HAL_SPI_GetState), (8 bytes).
    Removing stm32f4xx_hal_spi.o(.text.HAL_SPI_GetError), (4 bytes).
    Removing stm32f4xx_hal_spi.o(.ARM.exidx.text.HAL_SPI_GetError), (8 bytes).
    Removing stm32f4xx_hal_spi.o(.text.SPI_CloseRxTx_ISR), (166 bytes).
    Removing stm32f4xx_hal_spi.o(.ARM.exidx.text.SPI_CloseRxTx_ISR), (8 bytes).
    Removing stm32f4xx_hal_spi.o(.text.SPI_CloseRx_ISR), (94 bytes).
    Removing stm32f4xx_hal_spi.o(.ARM.exidx.text.SPI_CloseRx_ISR), (8 bytes).
    Removing stm32f4xx_hal_spi.o(.text.SPI_CloseTx_ISR), (148 bytes).
    Removing stm32f4xx_hal_spi.o(.ARM.exidx.text.SPI_CloseTx_ISR), (8 bytes).
    Removing stm32f4xx_hal_spi.o(.ARM.exidx.text.SPI_WaitFlagStateUntilTimeout), (8 bytes).
    Removing stm32f4xx_hal_tim.o(.text), (0 bytes).
    Removing stm32f4xx_hal_tim_ex.o(.text), (0 bytes).
    Removing f2d.o(.text), (38 bytes).

526 unused section(s) (total 85722 bytes) removed from the image.

==============================================================================

Image Symbol Table

    Local Symbols

    Symbol Name                              Value     Ov Type        Size  Object(Section)

    ../clib/microlib/division.c              0x00000000   Number         0  uldiv.o ABSOLUTE
    ../clib/microlib/division.c              0x00000000   Number         0  uidiv.o ABSOLUTE
    ../clib/microlib/init/entry.s            0x00000000   Number         0  entry.o ABSOLUTE
    ../clib/microlib/init/entry.s            0x00000000   Number         0  entry2.o ABSOLUTE
    ../clib/microlib/init/entry.s            0x00000000   Number         0  entry5.o ABSOLUTE
    ../clib/microlib/init/entry.s            0x00000000   Number         0  entry7a.o ABSOLUTE
    ../clib/microlib/init/entry.s            0x00000000   Number         0  entry7b.o ABSOLUTE
    ../clib/microlib/init/entry.s            0x00000000   Number         0  entry8a.o ABSOLUTE
    ../clib/microlib/init/entry.s            0x00000000   Number         0  entry8b.o ABSOLUTE
    ../clib/microlib/init/entry.s            0x00000000   Number         0  entry9a.o ABSOLUTE
    ../clib/microlib/init/entry.s            0x00000000   Number         0  entry9b.o ABSOLUTE
    ../clib/microlib/init/entry.s            0x00000000   Number         0  entry10a.o ABSOLUTE
    ../clib/microlib/init/entry.s            0x00000000   Number         0  entry10b.o ABSOLUTE
    ../clib/microlib/init/entry.s            0x00000000   Number         0  entry11a.o ABSOLUTE
    ../clib/microlib/init/entry.s            0x00000000   Number         0  entry11b.o ABSOLUTE
    ../clib/microlib/longlong.c              0x00000000   Number         0  llshl.o ABSOLUTE
    ../clib/microlib/longlong.c              0x00000000   Number         0  llushr.o ABSOLUTE
    ../clib/microlib/longlong.c              0x00000000   Number         0  llsshr.o ABSOLUTE
    ../clib/microlib/printf/printf.c         0x00000000   Number         0  printfb.o ABSOLUTE
    ../clib/microlib/printf/printf.c         0x00000000   Number         0  printf0.o ABSOLUTE
    ../clib/microlib/printf/printf.c         0x00000000   Number         0  printf1.o ABSOLUTE
    ../clib/microlib/printf/printf.c         0x00000000   Number         0  printf2.o ABSOLUTE
    ../clib/microlib/printf/printf.c         0x00000000   Number         0  printf3.o ABSOLUTE
    ../clib/microlib/printf/printf.c         0x00000000   Number         0  printf4.o ABSOLUTE
    ../clib/microlib/printf/printf.c         0x00000000   Number         0  printf5.o ABSOLUTE
    ../clib/microlib/printf/printf.c         0x00000000   Number         0  printf6.o ABSOLUTE
    ../clib/microlib/printf/printf.c         0x00000000   Number         0  printf7.o ABSOLUTE
    ../clib/microlib/printf/printf.c         0x00000000   Number         0  printf8.o ABSOLUTE
    ../clib/microlib/printf/printf.c         0x00000000   Number         0  printfa.o ABSOLUTE
    ../clib/microlib/printf/stubs.s          0x00000000   Number         0  stubs.o ABSOLUTE
    ../clib/microlib/stdio/fputc.c           0x00000000   Number         0  fputc.o ABSOLUTE
    ../clib/microlib/stdio/fputc.c           0x00000000   Number         0  fputc_h.o ABSOLUTE
    ../clib/microlib/stdio/semi.s            0x00000000   Number         0  semi.o ABSOLUTE
    ../clib/microlib/stdio/streams.c         0x00000000   Number         0  stdout.o ABSOLUTE
    ../clib/microlib/string/memset.c         0x00000000   Number         0  memseta.o ABSOLUTE
    ../clib/microlib/stubs.s                 0x00000000   Number         0  iusefp.o ABSOLUTE
    ../clib/microlib/stubs.s                 0x00000000   Number         0  iusesemip.o ABSOLUTE
    ../fplib/microlib/f2d.c                  0x00000000   Number         0  f2d.o ABSOLUTE
    ../fplib/microlib/fpadd.c                0x00000000   Number         0  dadd.o ABSOLUTE
    ../fplib/microlib/fpdiv.c                0x00000000   Number         0  ddiv.o ABSOLUTE
    ../fplib/microlib/fpepilogue.c           0x00000000   Number         0  depilogue.o ABSOLUTE
    ../fplib/microlib/fpfix.c                0x00000000   Number         0  dfixul.o ABSOLUTE
    ../fplib/microlib/fpmul.c                0x00000000   Number         0  dmul.o ABSOLUTE
    User_Logic.c                             0x00000000   Number         0  user_logic.o ABSOLUTE
    User_Pic.c                               0x00000000   Number         0  user_pic.o ABSOLUTE
    User_main.c                              0x00000000   Number         0  user_main.o ABSOLUTE
    cdrcmple.s                               0x00000000   Number         0  cdrcmple.o ABSOLUTE
    dc.s                                     0x00000000   Number         0  dc.o ABSOLUTE
    font.c                                   0x00000000   Number         0  font.o ABSOLUTE
    gpio.c                                   0x00000000   Number         0  gpio.o ABSOLUTE
    gui.c                                    0x00000000   Number         0  gui.o ABSOLUTE
    handlers.s                               0x00000000   Number         0  handlers.o ABSOLUTE
    init.s                                   0x00000000   Number         0  init.o ABSOLUTE
    main.c                                   0x00000000   Number         0  main.o ABSOLUTE
    rng.c                                    0x00000000   Number         0  rng.o ABSOLUTE
    snake.c                                  0x00000000   Number         0  snake.o ABSOLUTE
    spi.c                                    0x00000000   Number         0  spi.o ABSOLUTE
    startup_stm32f407xx.s                    0x00000000   Number         0  startup_stm32f407xx.o ABSOLUTE
    stm32f4xx_hal.c                          0x00000000   Number         0  stm32f4xx_hal.o ABSOLUTE
    stm32f4xx_hal_cortex.c                   0x00000000   Number         0  stm32f4xx_hal_cortex.o ABSOLUTE
    stm32f4xx_hal_dma.c                      0x00000000   Number         0  stm32f4xx_hal_dma.o ABSOLUTE
    stm32f4xx_hal_dma_ex.c                   0x00000000   Number         0  stm32f4xx_hal_dma_ex.o ABSOLUTE
    stm32f4xx_hal_exti.c                     0x00000000   Number         0  stm32f4xx_hal_exti.o ABSOLUTE
    stm32f4xx_hal_flash.c                    0x00000000   Number         0  stm32f4xx_hal_flash.o ABSOLUTE
    stm32f4xx_hal_flash_ex.c                 0x00000000   Number         0  stm32f4xx_hal_flash_ex.o ABSOLUTE
    stm32f4xx_hal_flash_ramfunc.c            0x00000000   Number         0  stm32f4xx_hal_flash_ramfunc.o ABSOLUTE
    stm32f4xx_hal_gpio.c                     0x00000000   Number         0  stm32f4xx_hal_gpio.o ABSOLUTE
    stm32f4xx_hal_msp.c                      0x00000000   Number         0  stm32f4xx_hal_msp.o ABSOLUTE
    stm32f4xx_hal_pwr.c                      0x00000000   Number         0  stm32f4xx_hal_pwr.o ABSOLUTE
    stm32f4xx_hal_pwr_ex.c                   0x00000000   Number         0  stm32f4xx_hal_pwr_ex.o ABSOLUTE
    stm32f4xx_hal_rcc.c                      0x00000000   Number         0  stm32f4xx_hal_rcc.o ABSOLUTE
    stm32f4xx_hal_rcc_ex.c                   0x00000000   Number         0  stm32f4xx_hal_rcc_ex.o ABSOLUTE
    stm32f4xx_hal_rng.c                      0x00000000   Number         0  stm32f4xx_hal_rng.o ABSOLUTE
    stm32f4xx_hal_spi.c                      0x00000000   Number         0  stm32f4xx_hal_spi.o ABSOLUTE
    stm32f4xx_hal_tim.c                      0x00000000   Number         0  stm32f4xx_hal_tim.o ABSOLUTE
    stm32f4xx_hal_tim_ex.c                   0x00000000   Number         0  stm32f4xx_hal_tim_ex.o ABSOLUTE
    stm32f4xx_it.c                           0x00000000   Number         0  stm32f4xx_it.o ABSOLUTE
    sys.c                                    0x00000000   Number         0  sys.o ABSOLUTE
    system_stm32f4xx.c                       0x00000000   Number         0  system_stm32f4xx.o ABSOLUTE
    RESET                                    0x08000000   Section      392  startup_stm32f407xx.o(RESET)
    .ARM.Collect$$$$00000000                 0x08000188   Section        0  entry.o(.ARM.Collect$$$$00000000)
    .ARM.Collect$$$$00000001                 0x08000188   Section        4  entry2.o(.ARM.Collect$$$$00000001)
    .ARM.Collect$$$$00000004                 0x0800018c   Section        4  entry5.o(.ARM.Collect$$$$00000004)
    .ARM.Collect$$$$00000008                 0x08000190   Section        0  entry7b.o(.ARM.Collect$$$$00000008)
    .ARM.Collect$$$$0000000A                 0x08000190   Section        0  entry8b.o(.ARM.Collect$$$$0000000A)
    .ARM.Collect$$$$0000000B                 0x08000190   Section        8  entry9a.o(.ARM.Collect$$$$0000000B)
    __lit__00000000                          0x08000198   Data           4  entry2.o(.ARM.Collect$$$$00002712)
    .ARM.Collect$$$$0000000D                 0x08000198   Section        0  entry10a.o(.ARM.Collect$$$$0000000D)
    .ARM.Collect$$$$0000000F                 0x08000198   Section        0  entry11a.o(.ARM.Collect$$$$0000000F)
    .ARM.Collect$$$$00002712                 0x08000198   Section        4  entry2.o(.ARM.Collect$$$$00002712)
    $v0                                      0x0800019c   Number         0  startup_stm32f407xx.o(.text)
    .text                                    0x0800019c   Section       36  startup_stm32f407xx.o(.text)
    .text                                    0x080001c0   Section        0  uldiv.o(.text)
    .text                                    0x08000222   Section        0  memseta.o(.text)
    .text                                    0x08000246   Section        0  uidiv.o(.text)
    .text                                    0x08000272   Section        0  llshl.o(.text)
    .text                                    0x08000290   Section        0  llushr.o(.text)
    .text                                    0x080002b0   Section        0  iusefp.o(.text)
    .text                                    0x080002b0   Section        0  dadd.o(.text)
    .text                                    0x080003fe   Section        0  dmul.o(.text)
    .text                                    0x080004e2   Section        0  ddiv.o(.text)
    .text                                    0x080005c0   Section        0  dfixul.o(.text)
    .text                                    0x080005f0   Section       48  cdrcmple.o(.text)
    .text                                    0x08000620   Section       36  init.o(.text)
    .text                                    0x08000644   Section        0  llsshr.o(.text)
    .text                                    0x08000668   Section        0  depilogue.o(.text)
    [Anonymous Symbol]                       0x08000724   Section        0  stm32f4xx_it.o(.text.BusFault_Handler)
    [Anonymous Symbol]                       0x08000726   Section        0  stm32f4xx_it.o(.text.DebugMon_Handler)
    [Anonymous Symbol]                       0x08000728   Section        0  snake.o(.text.Display_Dead)
    [Anonymous Symbol]                       0x08000804   Section        0  snake.o(.text.Display_Pass)
    [Anonymous Symbol]                       0x080008c8   Section        0  stm32f4xx_it.o(.text.EXTI0_IRQHandler)
    [Anonymous Symbol]                       0x080008ce   Section        0  stm32f4xx_it.o(.text.EXTI15_10_IRQHandler)
    [Anonymous Symbol]                       0x080008e4   Section        0  stm32f4xx_it.o(.text.EXTI1_IRQHandler)
    [Anonymous Symbol]                       0x080008ea   Section        0  stm32f4xx_it.o(.text.EXTI2_IRQHandler)
    [Anonymous Symbol]                       0x080008f0   Section        0  stm32f4xx_it.o(.text.EXTI3_IRQHandler)
    [Anonymous Symbol]                       0x080008f6   Section        0  stm32f4xx_it.o(.text.EXTI4_IRQHandler)
    [Anonymous Symbol]                       0x080008fc   Section        0  stm32f4xx_it.o(.text.EXTI9_5_IRQHandler)
    [Anonymous Symbol]                       0x08000902   Section        0  main.o(.text.Error_Handler)
    [Anonymous Symbol]                       0x08000904   Section        0  user_logic.o(.text.Game_Start)
    [Anonymous Symbol]                       0x08000938   Section        0  gui.o(.text.Gui_DrawFont_GBK16)
    [Anonymous Symbol]                       0x08000ae0   Section        0  gui.o(.text.Gui_DrawFont_GBK24)
    [Anonymous Symbol]                       0x08000cb0   Section        0  gui.o(.text.Gui_DrawFont_Num32)
    [Anonymous Symbol]                       0x08000d48   Section        0  gui.o(.text.Gui_DrawLine)
    [Anonymous Symbol]                       0x08000e0e   Section        0  spi.o(.text.Gui_DrawPoint)
    [Anonymous Symbol]                       0x08000e28   Section        0  stm32f4xx_hal.o(.text.HAL_Delay)
    [Anonymous Symbol]                       0x08000e50   Section        0  gpio.o(.text.HAL_GPIO_EXTI_Callback)
    [Anonymous Symbol]                       0x0800133e   Section        0  stm32f4xx_hal_gpio.o(.text.HAL_GPIO_EXTI_IRQHandler)
    [Anonymous Symbol]                       0x08001354   Section        0  stm32f4xx_hal_gpio.o(.text.HAL_GPIO_Init)
    [Anonymous Symbol]                       0x080014f0   Section        0  stm32f4xx_hal_gpio.o(.text.HAL_GPIO_ReadPin)
    [Anonymous Symbol]                       0x080014fa   Section        0  stm32f4xx_hal_gpio.o(.text.HAL_GPIO_TogglePin)
    [Anonymous Symbol]                       0x08001508   Section        0  stm32f4xx_hal_gpio.o(.text.HAL_GPIO_WritePin)
    [Anonymous Symbol]                       0x08001512   Section        0  stm32f4xx_hal.o(.text.HAL_GetTick)
    [Anonymous Symbol]                       0x0800151e   Section        0  stm32f4xx_hal.o(.text.HAL_IncTick)
    [Anonymous Symbol]                       0x08001538   Section        0  stm32f4xx_hal.o(.text.HAL_Init)
    [Anonymous Symbol]                       0x0800156e   Section        0  stm32f4xx_hal.o(.text.HAL_InitTick)
    [Anonymous Symbol]                       0x080015ba   Section        0  stm32f4xx_hal_msp.o(.text.HAL_MspInit)
    [Anonymous Symbol]                       0x080015f2   Section        0  stm32f4xx_hal_cortex.o(.text.HAL_NVIC_EnableIRQ)
    [Anonymous Symbol]                       0x08001610   Section        0  stm32f4xx_hal_cortex.o(.text.HAL_NVIC_SetPriority)
    [Anonymous Symbol]                       0x0800166c   Section        0  stm32f4xx_hal_cortex.o(.text.HAL_NVIC_SetPriorityGrouping)
    [Anonymous Symbol]                       0x0800168c   Section        0  stm32f4xx_hal_rcc.o(.text.HAL_RCC_ClockConfig)
    [Anonymous Symbol]                       0x080017d6   Section        0  stm32f4xx_hal_rcc.o(.text.HAL_RCC_GetSysClockFreq)
    [Anonymous Symbol]                       0x08001840   Section        0  stm32f4xx_hal_rcc.o(.text.HAL_RCC_OscConfig)
    [Anonymous Symbol]                       0x08001b30   Section        0  stm32f4xx_hal_rng.o(.text.HAL_RNG_GenerateRandomNumber)
    [Anonymous Symbol]                       0x08001b8a   Section        0  stm32f4xx_hal_rng.o(.text.HAL_RNG_GetRandomNumber)
    [Anonymous Symbol]                       0x08001ba0   Section        0  stm32f4xx_hal_rng.o(.text.HAL_RNG_Init)
    [Anonymous Symbol]                       0x08001bd0   Section        0  rng.o(.text.HAL_RNG_MspInit)
    [Anonymous Symbol]                       0x08001c04   Section        0  stm32f4xx_hal_spi.o(.text.HAL_SPI_Init)
    [Anonymous Symbol]                       0x08001c82   Section        0  spi.o(.text.HAL_SPI_MspInit)
    [Anonymous Symbol]                       0x08001cf0   Section        0  stm32f4xx_hal_spi.o(.text.HAL_SPI_Transmit)
    [Anonymous Symbol]                       0x08001e5c   Section        0  stm32f4xx_hal_cortex.o(.text.HAL_SYSTICK_Config)
    [Anonymous Symbol]                       0x08001e88   Section        0  stm32f4xx_it.o(.text.HardFault_Handler)
    [Anonymous Symbol]                       0x08001e8c   Section        0  snake.o(.text.Init_SNAKE)
    [Anonymous Symbol]                       0x08001fe0   Section        0  gui.o(.text.LCD_DrawSqure)
    [Anonymous Symbol]                       0x08002024   Section        0  gui.o(.text.LCD_DrawSqureBorder)
    [Anonymous Symbol]                       0x08002090   Section        0  spi.o(.text.LCD_SPI_Init)
    [Anonymous Symbol]                       0x080020c8   Section        0  spi.o(.text.Lcd_Clear)
    [Anonymous Symbol]                       0x08002106   Section        0  spi.o(.text.Lcd_Init)
    [Anonymous Symbol]                       0x0800230c   Section        0  spi.o(.text.Lcd_Reset)
    [Anonymous Symbol]                       0x0800233a   Section        0  spi.o(.text.Lcd_SetRegion)
    [Anonymous Symbol]                       0x0800238e   Section        0  spi.o(.text.Lcd_SetXY)
    [Anonymous Symbol]                       0x080023c4   Section        0  spi.o(.text.Lcd_WriteData)
    [Anonymous Symbol]                       0x0800240c   Section        0  spi.o(.text.Lcd_WriteIndex)
    [Anonymous Symbol]                       0x08002454   Section        0  user_logic.o(.text.Logic)
    [Anonymous Symbol]                       0x080024a6   Section        0  gpio.o(.text.MX_GPIO_Init)
    [Anonymous Symbol]                       0x080026c0   Section        0  rng.o(.text.MX_RNG_Init)
    [Anonymous Symbol]                       0x080026e6   Section        0  spi.o(.text.MX_SPI1_Init)
    [Anonymous Symbol]                       0x08002734   Section        0  stm32f4xx_it.o(.text.MemManage_Handler)
    [Anonymous Symbol]                       0x08002738   Section        0  user_logic.o(.text.Menu_Show)
    [Anonymous Symbol]                       0x080029c0   Section        0  stm32f4xx_it.o(.text.NMI_Handler)
    [Anonymous Symbol]                       0x080029c2   Section        0  stm32f4xx_it.o(.text.PendSV_Handler)
    [Anonymous Symbol]                       0x080029c4   Section        0  snake.o(.text.Run_SNAKE)
    SPI_EndRxTxTransaction                   0x08002f65   Thumb Code    96  stm32f4xx_hal_spi.o(.text.SPI_EndRxTxTransaction)
    [Anonymous Symbol]                       0x08002f64   Section        0  stm32f4xx_hal_spi.o(.text.SPI_EndRxTxTransaction)
    SPI_WaitFlagStateUntilTimeout            0x08002fc5   Thumb Code   140  stm32f4xx_hal_spi.o(.text.SPI_WaitFlagStateUntilTimeout)
    [Anonymous Symbol]                       0x08002fc4   Section        0  stm32f4xx_hal_spi.o(.text.SPI_WaitFlagStateUntilTimeout)
    [Anonymous Symbol]                       0x08003050   Section        0  stm32f4xx_it.o(.text.SVC_Handler)
    [Anonymous Symbol]                       0x08003052   Section        0  snake.o(.text.Show_Head)
    [Anonymous Symbol]                       0x08003156   Section        0  stm32f4xx_it.o(.text.SysTick_Handler)
    [Anonymous Symbol]                       0x0800315a   Section        0  main.o(.text.SystemClock_Config)
    [Anonymous Symbol]                       0x080031ea   Section        0  system_stm32f4xx.o(.text.SystemInit)
    [Anonymous Symbol]                       0x08003244   Section        0  stm32f4xx_it.o(.text.UsageFault_Handler)
    [Anonymous Symbol]                       0x08003248   Section        0  user_main.o(.text.User_main)
    [Anonymous Symbol]                       0x08003262   Section        0  user_logic.o(.text.delay_ms)
    [Anonymous Symbol]                       0x08003264   Section        0  main.o(.text.main)
    i.__0sprintf                             0x0800328c   Section        0  printfa.o(i.__0sprintf)
    i.__scatterload_copy                     0x080032b4   Section       14  handlers.o(i.__scatterload_copy)
    i.__scatterload_null                     0x080032c2   Section        2  handlers.o(i.__scatterload_null)
    i.__scatterload_zeroinit                 0x080032c4   Section       14  handlers.o(i.__scatterload_zeroinit)
    _fp_digits                               0x080032d5   Thumb Code   366  printfa.o(i._fp_digits)
    i._fp_digits                             0x080032d4   Section        0  printfa.o(i._fp_digits)
    _printf_core                             0x08003459   Thumb Code  1744  printfa.o(i._printf_core)
    i._printf_core                           0x08003458   Section        0  printfa.o(i._printf_core)
    _printf_post_padding                     0x08003b35   Thumb Code    36  printfa.o(i._printf_post_padding)
    i._printf_post_padding                   0x08003b34   Section        0  printfa.o(i._printf_post_padding)
    _printf_pre_padding                      0x08003b59   Thumb Code    46  printfa.o(i._printf_pre_padding)
    i._printf_pre_padding                    0x08003b58   Section        0  printfa.o(i._printf_pre_padding)
    _sputc                                   0x08003b87   Thumb Code    10  printfa.o(i._sputc)
    i._sputc                                 0x08003b86   Section        0  printfa.o(i._sputc)
    .L.str                                   0x080041fd   Data          14  user_logic.o(.rodata.str1.1)
    [Anonymous Symbol]                       0x080041fd   Section        0  user_logic.o(.rodata.str1.1)
    .L.str.3                                 0x0800420b   Data           7  user_logic.o(.rodata.str1.1)
    .L.str.4                                 0x08004212   Data           8  user_logic.o(.rodata.str1.1)
    .L.str.5                                 0x0800421a   Data          23  user_logic.o(.rodata.str1.1)
    .L.str.2                                 0x08004231   Data          13  user_logic.o(.rodata.str1.1)
    .L.str.2                                 0x0800423e   Data           3  snake.o(.rodata.str1.1)
    [Anonymous Symbol]                       0x0800423e   Section        0  snake.o(.rodata.str1.1)
    STACK                                    0x20000718   Section     1024  startup_stm32f407xx.o(STACK)

    Global Symbols

    Symbol Name                              Value     Ov Type        Size  Object(Section)

    BuildAttributes$$THM_ISAv4$E$P$D$K$B$S$7EM$VFPi3$EXTD16$VFPS$VFMA$PE$A:L22UL41UL21$X:L11$S22US41US21$IEEE1$IW$~IW$USESV6$~STKCKD$USESV7$~SHL$OSPACE$ROPI$EBA8$MICROLIB$REQ8$PRES8$EABIv2 0x00000000   Number         0  anon$$obj.o ABSOLUTE
    _printf_a                                0x00000000   Number         0  stubs.o ABSOLUTE
    _printf_c                                0x00000000   Number         0  stubs.o ABSOLUTE
    _printf_charcount                        0x00000000   Number         0  stubs.o ABSOLUTE
    _printf_d                                0x00000000   Number         0  stubs.o ABSOLUTE
    _printf_e                                0x00000000   Number         0  stubs.o ABSOLUTE
    _printf_f                                0x00000000   Number         0  stubs.o ABSOLUTE
    _printf_flags                            0x00000000   Number         0  stubs.o ABSOLUTE
    _printf_fp_dec                           0x00000000   Number         0  stubs.o ABSOLUTE
    _printf_fp_hex                           0x00000000   Number         0  stubs.o ABSOLUTE
    _printf_g                                0x00000000   Number         0  stubs.o ABSOLUTE
    _printf_i                                0x00000000   Number         0  stubs.o ABSOLUTE
    _printf_int_dec                          0x00000000   Number         0  stubs.o ABSOLUTE
    _printf_l                                0x00000000   Number         0  stubs.o ABSOLUTE
    _printf_lc                               0x00000000   Number         0  stubs.o ABSOLUTE
    _printf_ll                               0x00000000   Number         0  stubs.o ABSOLUTE
    _printf_lld                              0x00000000   Number         0  stubs.o ABSOLUTE
    _printf_lli                              0x00000000   Number         0  stubs.o ABSOLUTE
    _printf_llo                              0x00000000   Number         0  stubs.o ABSOLUTE
    _printf_llu                              0x00000000   Number         0  stubs.o ABSOLUTE
    _printf_llx                              0x00000000   Number         0  stubs.o ABSOLUTE
    _printf_longlong_dec                     0x00000000   Number         0  stubs.o ABSOLUTE
    _printf_longlong_hex                     0x00000000   Number         0  stubs.o ABSOLUTE
    _printf_longlong_oct                     0x00000000   Number         0  stubs.o ABSOLUTE
    _printf_ls                               0x00000000   Number         0  stubs.o ABSOLUTE
    _printf_mbtowc                           0x00000000   Number         0  stubs.o ABSOLUTE
    _printf_n                                0x00000000   Number         0  stubs.o ABSOLUTE
    _printf_o                                0x00000000   Number         0  stubs.o ABSOLUTE
    _printf_p                                0x00000000   Number         0  stubs.o ABSOLUTE
    _printf_percent                          0x00000000   Number         0  stubs.o ABSOLUTE
    _printf_pre_padding                      0x00000000   Number         0  stubs.o ABSOLUTE
    _printf_return_value                     0x00000000   Number         0  stubs.o ABSOLUTE
    _printf_s                                0x00000000   Number         0  stubs.o ABSOLUTE
    _printf_sizespec                         0x00000000   Number         0  stubs.o ABSOLUTE
    _printf_str                              0x00000000   Number         0  stubs.o ABSOLUTE
    _printf_truncate_signed                  0x00000000   Number         0  stubs.o ABSOLUTE
    _printf_truncate_unsigned                0x00000000   Number         0  stubs.o ABSOLUTE
    _printf_u                                0x00000000   Number         0  stubs.o ABSOLUTE
    _printf_wc                               0x00000000   Number         0  stubs.o ABSOLUTE
    _printf_wctomb                           0x00000000   Number         0  stubs.o ABSOLUTE
    _printf_widthprec                        0x00000000   Number         0  stubs.o ABSOLUTE
    _printf_x                                0x00000000   Number         0  stubs.o ABSOLUTE
    __cpp_initialize__aeabi_                  - Undefined Weak Reference
    __cxa_finalize                            - Undefined Weak Reference
    __decompress                              - Undefined Weak Reference
    _clock_init                               - Undefined Weak Reference
    _microlib_exit                            - Undefined Weak Reference
    __Vectors_Size                           0x00000188   Number         0  startup_stm32f407xx.o ABSOLUTE
    __Vectors                                0x08000000   Data           4  startup_stm32f407xx.o(RESET)
    __Vectors_End                            0x08000188   Data           0  startup_stm32f407xx.o(RESET)
    __main                                   0x08000189   Thumb Code     0  entry.o(.ARM.Collect$$$$00000000)
    _main_stk                                0x08000189   Thumb Code     0  entry2.o(.ARM.Collect$$$$00000001)
    _main_scatterload                        0x0800018d   Thumb Code     0  entry5.o(.ARM.Collect$$$$00000004)
    __main_after_scatterload                 0x08000191   Thumb Code     0  entry5.o(.ARM.Collect$$$$00000004)
    _main_clock                              0x08000191   Thumb Code     0  entry7b.o(.ARM.Collect$$$$00000008)
    _main_cpp_init                           0x08000191   Thumb Code     0  entry8b.o(.ARM.Collect$$$$0000000A)
    _main_init                               0x08000191   Thumb Code     0  entry9a.o(.ARM.Collect$$$$0000000B)
    __rt_final_cpp                           0x08000199   Thumb Code     0  entry10a.o(.ARM.Collect$$$$0000000D)
    __rt_final_exit                          0x08000199   Thumb Code     0  entry11a.o(.ARM.Collect$$$$0000000F)
    Reset_Handler                            0x0800019d   Thumb Code     8  startup_stm32f407xx.o(.text)
    ADC_IRQHandler                           0x080001b7   Thumb Code     0  startup_stm32f407xx.o(.text)
    CAN1_RX0_IRQHandler                      0x080001b7   Thumb Code     0  startup_stm32f407xx.o(.text)
    CAN1_RX1_IRQHandler                      0x080001b7   Thumb Code     0  startup_stm32f407xx.o(.text)
    CAN1_SCE_IRQHandler                      0x080001b7   Thumb Code     0  startup_stm32f407xx.o(.text)
    CAN1_TX_IRQHandler                       0x080001b7   Thumb Code     0  startup_stm32f407xx.o(.text)
    CAN2_RX0_IRQHandler                      0x080001b7   Thumb Code     0  startup_stm32f407xx.o(.text)
    CAN2_RX1_IRQHandler                      0x080001b7   Thumb Code     0  startup_stm32f407xx.o(.text)
    CAN2_SCE_IRQHandler                      0x080001b7   Thumb Code     0  startup_stm32f407xx.o(.text)
    CAN2_TX_IRQHandler                       0x080001b7   Thumb Code     0  startup_stm32f407xx.o(.text)
    DCMI_IRQHandler                          0x080001b7   Thumb Code     0  startup_stm32f407xx.o(.text)
    DMA1_Stream0_IRQHandler                  0x080001b7   Thumb Code     0  startup_stm32f407xx.o(.text)
    DMA1_Stream1_IRQHandler                  0x080001b7   Thumb Code     0  startup_stm32f407xx.o(.text)
    DMA1_Stream2_IRQHandler                  0x080001b7   Thumb Code     0  startup_stm32f407xx.o(.text)
    DMA1_Stream3_IRQHandler                  0x080001b7   Thumb Code     0  startup_stm32f407xx.o(.text)
    DMA1_Stream4_IRQHandler                  0x080001b7   Thumb Code     0  startup_stm32f407xx.o(.text)
    DMA1_Stream5_IRQHandler                  0x080001b7   Thumb Code     0  startup_stm32f407xx.o(.text)
    DMA1_Stream6_IRQHandler                  0x080001b7   Thumb Code     0  startup_stm32f407xx.o(.text)
    DMA1_Stream7_IRQHandler                  0x080001b7   Thumb Code     0  startup_stm32f407xx.o(.text)
    DMA2_Stream0_IRQHandler                  0x080001b7   Thumb Code     0  startup_stm32f407xx.o(.text)
    DMA2_Stream1_IRQHandler                  0x080001b7   Thumb Code     0  startup_stm32f407xx.o(.text)
    DMA2_Stream2_IRQHandler                  0x080001b7   Thumb Code     0  startup_stm32f407xx.o(.text)
    DMA2_Stream3_IRQHandler                  0x080001b7   Thumb Code     0  startup_stm32f407xx.o(.text)
    DMA2_Stream4_IRQHandler                  0x080001b7   Thumb Code     0  startup_stm32f407xx.o(.text)
    DMA2_Stream5_IRQHandler                  0x080001b7   Thumb Code     0  startup_stm32f407xx.o(.text)
    DMA2_Stream6_IRQHandler                  0x080001b7   Thumb Code     0  startup_stm32f407xx.o(.text)
    DMA2_Stream7_IRQHandler                  0x080001b7   Thumb Code     0  startup_stm32f407xx.o(.text)
    ETH_IRQHandler                           0x080001b7   Thumb Code     0  startup_stm32f407xx.o(.text)
    ETH_WKUP_IRQHandler                      0x080001b7   Thumb Code     0  startup_stm32f407xx.o(.text)
    FLASH_IRQHandler                         0x080001b7   Thumb Code     0  startup_stm32f407xx.o(.text)
    FMC_IRQHandler                           0x080001b7   Thumb Code     0  startup_stm32f407xx.o(.text)
    FPU_IRQHandler                           0x080001b7   Thumb Code     0  startup_stm32f407xx.o(.text)
    HASH_RNG_IRQHandler                      0x080001b7   Thumb Code     0  startup_stm32f407xx.o(.text)
    I2C1_ER_IRQHandler                       0x080001b7   Thumb Code     0  startup_stm32f407xx.o(.text)
    I2C1_EV_IRQHandler                       0x080001b7   Thumb Code     0  startup_stm32f407xx.o(.text)
    I2C2_ER_IRQHandler                       0x080001b7   Thumb Code     0  startup_stm32f407xx.o(.text)
    I2C2_EV_IRQHandler                       0x080001b7   Thumb Code     0  startup_stm32f407xx.o(.text)
    I2C3_ER_IRQHandler                       0x080001b7   Thumb Code     0  startup_stm32f407xx.o(.text)
    I2C3_EV_IRQHandler                       0x080001b7   Thumb Code     0  startup_stm32f407xx.o(.text)
    OTG_FS_IRQHandler                        0x080001b7   Thumb Code     0  startup_stm32f407xx.o(.text)
    OTG_FS_WKUP_IRQHandler                   0x080001b7   Thumb Code     0  startup_stm32f407xx.o(.text)
    OTG_HS_EP1_IN_IRQHandler                 0x080001b7   Thumb Code     0  startup_stm32f407xx.o(.text)
    OTG_HS_EP1_OUT_IRQHandler                0x080001b7   Thumb Code     0  startup_stm32f407xx.o(.text)
    OTG_HS_IRQHandler                        0x080001b7   Thumb Code     0  startup_stm32f407xx.o(.text)
    OTG_HS_WKUP_IRQHandler                   0x080001b7   Thumb Code     0  startup_stm32f407xx.o(.text)
    PVD_IRQHandler                           0x080001b7   Thumb Code     0  startup_stm32f407xx.o(.text)
    RCC_IRQHandler                           0x080001b7   Thumb Code     0  startup_stm32f407xx.o(.text)
    RTC_Alarm_IRQHandler                     0x080001b7   Thumb Code     0  startup_stm32f407xx.o(.text)
    RTC_WKUP_IRQHandler                      0x080001b7   Thumb Code     0  startup_stm32f407xx.o(.text)
    SDIO_IRQHandler                          0x080001b7   Thumb Code     0  startup_stm32f407xx.o(.text)
    SPI1_IRQHandler                          0x080001b7   Thumb Code     0  startup_stm32f407xx.o(.text)
    SPI2_IRQHandler                          0x080001b7   Thumb Code     0  startup_stm32f407xx.o(.text)
    SPI3_IRQHandler                          0x080001b7   Thumb Code     0  startup_stm32f407xx.o(.text)
    TAMP_STAMP_IRQHandler                    0x080001b7   Thumb Code     0  startup_stm32f407xx.o(.text)
    TIM1_BRK_TIM9_IRQHandler                 0x080001b7   Thumb Code     0  startup_stm32f407xx.o(.text)
    TIM1_CC_IRQHandler                       0x080001b7   Thumb Code     0  startup_stm32f407xx.o(.text)
    TIM1_TRG_COM_TIM11_IRQHandler            0x080001b7   Thumb Code     0  startup_stm32f407xx.o(.text)
    TIM1_UP_TIM10_IRQHandler                 0x080001b7   Thumb Code     0  startup_stm32f407xx.o(.text)
    TIM2_IRQHandler                          0x080001b7   Thumb Code     0  startup_stm32f407xx.o(.text)
    TIM3_IRQHandler                          0x080001b7   Thumb Code     0  startup_stm32f407xx.o(.text)
    TIM4_IRQHandler                          0x080001b7   Thumb Code     0  startup_stm32f407xx.o(.text)
    TIM5_IRQHandler                          0x080001b7   Thumb Code     0  startup_stm32f407xx.o(.text)
    TIM6_DAC_IRQHandler                      0x080001b7   Thumb Code     0  startup_stm32f407xx.o(.text)
    TIM7_IRQHandler                          0x080001b7   Thumb Code     0  startup_stm32f407xx.o(.text)
    TIM8_BRK_TIM12_IRQHandler                0x080001b7   Thumb Code     0  startup_stm32f407xx.o(.text)
    TIM8_CC_IRQHandler                       0x080001b7   Thumb Code     0  startup_stm32f407xx.o(.text)
    TIM8_TRG_COM_TIM14_IRQHandler            0x080001b7   Thumb Code     0  startup_stm32f407xx.o(.text)
    TIM8_UP_TIM13_IRQHandler                 0x080001b7   Thumb Code     0  startup_stm32f407xx.o(.text)
    UART4_IRQHandler                         0x080001b7   Thumb Code     0  startup_stm32f407xx.o(.text)
    UART5_IRQHandler                         0x080001b7   Thumb Code     0  startup_stm32f407xx.o(.text)
    USART1_IRQHandler                        0x080001b7   Thumb Code     0  startup_stm32f407xx.o(.text)
    USART2_IRQHandler                        0x080001b7   Thumb Code     0  startup_stm32f407xx.o(.text)
    USART3_IRQHandler                        0x080001b7   Thumb Code     0  startup_stm32f407xx.o(.text)
    USART6_IRQHandler                        0x080001b7   Thumb Code     0  startup_stm32f407xx.o(.text)
    WWDG_IRQHandler                          0x080001b7   Thumb Code     0  startup_stm32f407xx.o(.text)
    __aeabi_uldivmod                         0x080001c1   Thumb Code    98  uldiv.o(.text)
    __aeabi_memset                           0x08000223   Thumb Code    14  memseta.o(.text)
    __aeabi_memset4                          0x08000223   Thumb Code     0  memseta.o(.text)
    __aeabi_memset8                          0x08000223   Thumb Code     0  memseta.o(.text)
    __aeabi_memclr                           0x08000231   Thumb Code     4  memseta.o(.text)
    __aeabi_memclr4                          0x08000231   Thumb Code     0  memseta.o(.text)
    __aeabi_memclr8                          0x08000231   Thumb Code     0  memseta.o(.text)
    _memset$wrapper                          0x08000235   Thumb Code    18  memseta.o(.text)
    __aeabi_uidiv                            0x08000247   Thumb Code     0  uidiv.o(.text)
    __aeabi_uidivmod                         0x08000247   Thumb Code    44  uidiv.o(.text)
    __aeabi_llsl                             0x08000273   Thumb Code    30  llshl.o(.text)
    _ll_shift_l                              0x08000273   Thumb Code     0  llshl.o(.text)
    __aeabi_llsr                             0x08000291   Thumb Code    32  llushr.o(.text)
    _ll_ushift_r                             0x08000291   Thumb Code     0  llushr.o(.text)
    __I$use$fp                               0x080002b1   Thumb Code     0  iusefp.o(.text)
    __aeabi_dadd                             0x080002b1   Thumb Code   322  dadd.o(.text)
    __aeabi_dsub                             0x080003f3   Thumb Code     6  dadd.o(.text)
    __aeabi_drsub                            0x080003f9   Thumb Code     6  dadd.o(.text)
    __aeabi_dmul                             0x080003ff   Thumb Code   228  dmul.o(.text)
    __aeabi_ddiv                             0x080004e3   Thumb Code   222  ddiv.o(.text)
    __aeabi_d2ulz                            0x080005c1   Thumb Code    48  dfixul.o(.text)
    __aeabi_cdrcmple                         0x080005f1   Thumb Code    48  cdrcmple.o(.text)
    __scatterload                            0x08000621   Thumb Code    28  init.o(.text)
    __scatterload_rt2                        0x08000621   Thumb Code     0  init.o(.text)
    __aeabi_lasr                             0x08000645   Thumb Code    36  llsshr.o(.text)
    _ll_sshift_r                             0x08000645   Thumb Code     0  llsshr.o(.text)
    _double_round                            0x08000669   Thumb Code    30  depilogue.o(.text)
    _double_epilogue                         0x08000687   Thumb Code   156  depilogue.o(.text)
    BusFault_Handler                         0x08000725   Thumb Code     2  stm32f4xx_it.o(.text.BusFault_Handler)
    DebugMon_Handler                         0x08000727   Thumb Code     2  stm32f4xx_it.o(.text.DebugMon_Handler)
    Display_Dead                             0x08000729   Thumb Code   220  snake.o(.text.Display_Dead)
    Display_Pass                             0x08000805   Thumb Code   196  snake.o(.text.Display_Pass)
    EXTI0_IRQHandler                         0x080008c9   Thumb Code     6  stm32f4xx_it.o(.text.EXTI0_IRQHandler)
    EXTI15_10_IRQHandler                     0x080008cf   Thumb Code    22  stm32f4xx_it.o(.text.EXTI15_10_IRQHandler)
    EXTI1_IRQHandler                         0x080008e5   Thumb Code     6  stm32f4xx_it.o(.text.EXTI1_IRQHandler)
    EXTI2_IRQHandler                         0x080008eb   Thumb Code     6  stm32f4xx_it.o(.text.EXTI2_IRQHandler)
    EXTI3_IRQHandler                         0x080008f1   Thumb Code     6  stm32f4xx_it.o(.text.EXTI3_IRQHandler)
    EXTI4_IRQHandler                         0x080008f7   Thumb Code     6  stm32f4xx_it.o(.text.EXTI4_IRQHandler)
    EXTI9_5_IRQHandler                       0x080008fd   Thumb Code     6  stm32f4xx_it.o(.text.EXTI9_5_IRQHandler)
    Error_Handler                            0x08000903   Thumb Code     2  main.o(.text.Error_Handler)
    Game_Start                               0x08000905   Thumb Code    50  user_logic.o(.text.Game_Start)
    Gui_DrawFont_GBK16                       0x08000939   Thumb Code   422  gui.o(.text.Gui_DrawFont_GBK16)
    Gui_DrawFont_GBK24                       0x08000ae1   Thumb Code   462  gui.o(.text.Gui_DrawFont_GBK24)
    Gui_DrawFont_Num32                       0x08000cb1   Thumb Code   150  gui.o(.text.Gui_DrawFont_Num32)
    Gui_DrawLine                             0x08000d49   Thumb Code   198  gui.o(.text.Gui_DrawLine)
    Gui_DrawPoint                            0x08000e0f   Thumb Code    24  spi.o(.text.Gui_DrawPoint)
    HAL_Delay                                0x08000e29   Thumb Code    40  stm32f4xx_hal.o(.text.HAL_Delay)
    HAL_GPIO_EXTI_Callback                   0x08000e51   Thumb Code  1262  gpio.o(.text.HAL_GPIO_EXTI_Callback)
    HAL_GPIO_EXTI_IRQHandler                 0x0800133f   Thumb Code    22  stm32f4xx_hal_gpio.o(.text.HAL_GPIO_EXTI_IRQHandler)
    HAL_GPIO_Init                            0x08001355   Thumb Code   412  stm32f4xx_hal_gpio.o(.text.HAL_GPIO_Init)
    HAL_GPIO_ReadPin                         0x080014f1   Thumb Code    10  stm32f4xx_hal_gpio.o(.text.HAL_GPIO_ReadPin)
    HAL_GPIO_TogglePin                       0x080014fb   Thumb Code    14  stm32f4xx_hal_gpio.o(.text.HAL_GPIO_TogglePin)
    HAL_GPIO_WritePin                        0x08001509   Thumb Code    10  stm32f4xx_hal_gpio.o(.text.HAL_GPIO_WritePin)
    HAL_GetTick                              0x08001513   Thumb Code    12  stm32f4xx_hal.o(.text.HAL_GetTick)
    HAL_IncTick                              0x0800151f   Thumb Code    26  stm32f4xx_hal.o(.text.HAL_IncTick)
    HAL_Init                                 0x08001539   Thumb Code    54  stm32f4xx_hal.o(.text.HAL_Init)
    HAL_InitTick                             0x0800156f   Thumb Code    76  stm32f4xx_hal.o(.text.HAL_InitTick)
    HAL_MspInit                              0x080015bb   Thumb Code    56  stm32f4xx_hal_msp.o(.text.HAL_MspInit)
    HAL_NVIC_EnableIRQ                       0x080015f3   Thumb Code    30  stm32f4xx_hal_cortex.o(.text.HAL_NVIC_EnableIRQ)
    HAL_NVIC_SetPriority                     0x08001611   Thumb Code    92  stm32f4xx_hal_cortex.o(.text.HAL_NVIC_SetPriority)
    HAL_NVIC_SetPriorityGrouping             0x0800166d   Thumb Code    32  stm32f4xx_hal_cortex.o(.text.HAL_NVIC_SetPriorityGrouping)
    HAL_RCC_ClockConfig                      0x0800168d   Thumb Code   330  stm32f4xx_hal_rcc.o(.text.HAL_RCC_ClockConfig)
    HAL_RCC_GetSysClockFreq                  0x080017d7   Thumb Code   104  stm32f4xx_hal_rcc.o(.text.HAL_RCC_GetSysClockFreq)
    HAL_RCC_OscConfig                        0x08001841   Thumb Code   752  stm32f4xx_hal_rcc.o(.text.HAL_RCC_OscConfig)
    HAL_RNG_GenerateRandomNumber             0x08001b31   Thumb Code    90  stm32f4xx_hal_rng.o(.text.HAL_RNG_GenerateRandomNumber)
    HAL_RNG_GetRandomNumber                  0x08001b8b   Thumb Code    22  stm32f4xx_hal_rng.o(.text.HAL_RNG_GetRandomNumber)
    HAL_RNG_Init                             0x08001ba1   Thumb Code    48  stm32f4xx_hal_rng.o(.text.HAL_RNG_Init)
    HAL_RNG_MspInit                          0x08001bd1   Thumb Code    52  rng.o(.text.HAL_RNG_MspInit)
    HAL_SPI_Init                             0x08001c05   Thumb Code   126  stm32f4xx_hal_spi.o(.text.HAL_SPI_Init)
    HAL_SPI_MspInit                          0x08001c83   Thumb Code   110  spi.o(.text.HAL_SPI_MspInit)
    HAL_SPI_Transmit                         0x08001cf1   Thumb Code   364  stm32f4xx_hal_spi.o(.text.HAL_SPI_Transmit)
    HAL_SYSTICK_Config                       0x08001e5d   Thumb Code    44  stm32f4xx_hal_cortex.o(.text.HAL_SYSTICK_Config)
    HardFault_Handler                        0x08001e89   Thumb Code     2  stm32f4xx_it.o(.text.HardFault_Handler)
    Init_SNAKE                               0x08001e8d   Thumb Code   340  snake.o(.text.Init_SNAKE)
    LCD_DrawSqure                            0x08001fe1   Thumb Code    68  gui.o(.text.LCD_DrawSqure)
    LCD_DrawSqureBorder                      0x08002025   Thumb Code   108  gui.o(.text.LCD_DrawSqureBorder)
    LCD_SPI_Init                             0x08002091   Thumb Code    56  spi.o(.text.LCD_SPI_Init)
    Lcd_Clear                                0x080020c9   Thumb Code    62  spi.o(.text.Lcd_Clear)
    Lcd_Init                                 0x08002107   Thumb Code   518  spi.o(.text.Lcd_Init)
    Lcd_Reset                                0x0800230d   Thumb Code    46  spi.o(.text.Lcd_Reset)
    Lcd_SetRegion                            0x0800233b   Thumb Code    84  spi.o(.text.Lcd_SetRegion)
    Lcd_SetXY                                0x0800238f   Thumb Code    52  spi.o(.text.Lcd_SetXY)
    Lcd_WriteData                            0x080023c5   Thumb Code    72  spi.o(.text.Lcd_WriteData)
    Lcd_WriteIndex                           0x0800240d   Thumb Code    72  spi.o(.text.Lcd_WriteIndex)
    Logic                                    0x08002455   Thumb Code    82  user_logic.o(.text.Logic)
    MX_GPIO_Init                             0x080024a7   Thumb Code   538  gpio.o(.text.MX_GPIO_Init)
    MX_RNG_Init                              0x080026c1   Thumb Code    38  rng.o(.text.MX_RNG_Init)
    MX_SPI1_Init                             0x080026e7   Thumb Code    78  spi.o(.text.MX_SPI1_Init)
    MemManage_Handler                        0x08002735   Thumb Code     2  stm32f4xx_it.o(.text.MemManage_Handler)
    Menu_Show                                0x08002739   Thumb Code   648  user_logic.o(.text.Menu_Show)
    NMI_Handler                              0x080029c1   Thumb Code     2  stm32f4xx_it.o(.text.NMI_Handler)
    PendSV_Handler                           0x080029c3   Thumb Code     2  stm32f4xx_it.o(.text.PendSV_Handler)
    Run_SNAKE                                0x080029c5   Thumb Code  1438  snake.o(.text.Run_SNAKE)
    SVC_Handler                              0x08003051   Thumb Code     2  stm32f4xx_it.o(.text.SVC_Handler)
    Show_Head                                0x08003053   Thumb Code   260  snake.o(.text.Show_Head)
    SysTick_Handler                          0x08003157   Thumb Code     4  stm32f4xx_it.o(.text.SysTick_Handler)
    SystemClock_Config                       0x0800315b   Thumb Code   144  main.o(.text.SystemClock_Config)
    SystemInit                               0x080031eb   Thumb Code    88  system_stm32f4xx.o(.text.SystemInit)
    UsageFault_Handler                       0x08003245   Thumb Code     2  stm32f4xx_it.o(.text.UsageFault_Handler)
    User_main                                0x08003249   Thumb Code    26  user_main.o(.text.User_main)
    delay_ms                                 0x08003263   Thumb Code     2  user_logic.o(.text.delay_ms)
    main                                     0x08003265   Thumb Code    38  main.o(.text.main)
    __0sprintf                               0x0800328d   Thumb Code    34  printfa.o(i.__0sprintf)
    __1sprintf                               0x0800328d   Thumb Code     0  printfa.o(i.__0sprintf)
    __2sprintf                               0x0800328d   Thumb Code     0  printfa.o(i.__0sprintf)
    __c89sprintf                             0x0800328d   Thumb Code     0  printfa.o(i.__0sprintf)
    sprintf                                  0x0800328d   Thumb Code     0  printfa.o(i.__0sprintf)
    __scatterload_copy                       0x080032b5   Thumb Code    14  handlers.o(i.__scatterload_copy)
    __scatterload_null                       0x080032c3   Thumb Code     2  handlers.o(i.__scatterload_null)
    __scatterload_zeroinit                   0x080032c5   Thumb Code    14  handlers.o(i.__scatterload_zeroinit)
    AHBPrescTable                            0x08003b90   Data          16  system_stm32f4xx.o(.rodata.AHBPrescTable)
    asc16                                    0x08003ba0   Data        1521  font.o(.rodata.asc16)
    hz16                                     0x08004191   Data          34  font.o(.rodata.hz16)
    hz24                                     0x080041b3   Data          74  font.o(.rodata.hz24)
    sz32                                     0x08004241   Data        1921  font.o(.rodata.sz32)
    Region$$Table$$Base                      0x080049c4   Number         0  anon$$obj.o(Region$$Table)
    Region$$Table$$Limit                     0x080049e4   Number         0  anon$$obj.o(Region$$Table)
    Menu_Index                               0x20000000   Data           1  gpio.o(.data.Menu_Index)
    SystemCoreClock                          0x20000004   Data           4  system_stm32f4xx.o(.data.SystemCoreClock)
    uwTickFreq                               0x20000008   Data           1  stm32f4xx_hal.o(.data.uwTickFreq)
    uwTickPrio                               0x2000000c   Data           4  stm32f4xx_hal.o(.data.uwTickPrio)
    F_HeadX                                  0x20000010   Data         256  snake.o(.bss.F_HeadX)
    F_HeadY                                  0x20000110   Data         256  snake.o(.bss.F_HeadY)
    Food_R                                   0x20000210   Data           3  snake.o(.bss.Food_R)
    Game1_Continue                           0x20000213   Data           1  snake.o(.bss.Game1_Continue)
    Game1_Dead                               0x20000214   Data           1  snake.o(.bss.Game1_Dead)
    Game1_Dead_Refresh                       0x20000215   Data           1  snake.o(.bss.Game1_Dead_Refresh)
    Game1_Down_Flag                          0x20000216   Data           1  gpio.o(.bss.Game1_Down_Flag)
    Game1_Down_Status                        0x20000217   Data           1  snake.o(.bss.Game1_Down_Status)
    Game1_Flag                               0x20000218   Data           1  user_logic.o(.bss.Game1_Flag)
    Game1_InitFirst                          0x20000219   Data           1  snake.o(.bss.Game1_InitFirst)
    Game1_Left_Flag                          0x2000021a   Data           1  gpio.o(.bss.Game1_Left_Flag)
    Game1_Left_Status                        0x2000021b   Data           1  snake.o(.bss.Game1_Left_Status)
    Game1_Pass                               0x2000021c   Data           1  snake.o(.bss.Game1_Pass)
    Game1_Pass_Refresh                       0x2000021d   Data           1  snake.o(.bss.Game1_Pass_Refresh)
    Game1_Pre                                0x2000021e   Data           1  snake.o(.bss.Game1_Pre)
    Game1_Refresh                            0x2000021f   Data           1  user_logic.o(.bss.Game1_Refresh)
    Game1_Restart                            0x20000220   Data           1  snake.o(.bss.Game1_Restart)
    Game1_Right_Flag                         0x20000221   Data           1  gpio.o(.bss.Game1_Right_Flag)
    Game1_Right_Status                       0x20000222   Data           1  snake.o(.bss.Game1_Right_Status)
    Game1_Up_Flag                            0x20000223   Data           1  gpio.o(.bss.Game1_Up_Flag)
    Game1_Up_Status                          0x20000224   Data           1  snake.o(.bss.Game1_Up_Status)
    Game_Flag                                0x20000225   Data           1  gpio.o(.bss.Game_Flag)
    LEVEL                                    0x20000226   Data         256  snake.o(.bss.LEVEL)
    Menu_Flag                                0x20000326   Data           1  gpio.o(.bss.Menu_Flag)
    Menu_Refresh                             0x20000327   Data           1  user_logic.o(.bss.Menu_Refresh)
    SCORE                                    0x20000328   Data         256  snake.o(.bss.SCORE)
    S_HeadX                                  0x20000428   Data         256  snake.o(.bss.S_HeadX)
    S_HeadY                                  0x20000528   Data         256  snake.o(.bss.S_HeadY)
    Snake_R                                  0x20000628   Data         132  snake.o(.bss.Snake_R)
    hrng                                     0x200006ac   Data          16  rng.o(.bss.hrng)
    hspi1                                    0x200006bc   Data          88  spi.o(.bss.hspi1)
    uwTick                                   0x20000714   Data           4  stm32f4xx_hal.o(.bss.uwTick)
    __initial_sp                             0x20000b18   Data           0  startup_stm32f407xx.o(STACK)



==============================================================================

Memory Map of the image

  Image Entry point : 0x08000189

  Load Region LR_IROM1 (Base: 0x08000000, Size: 0x000049f8, Max: 0x00100000, ABSOLUTE)

    Execution Region ER_IROM1 (Exec base: 0x08000000, Load base: 0x08000000, Size: 0x000049e4, Max: 0x00100000, ABSOLUTE)

    Exec Addr    Load Addr    Size         Type   Attr      Idx    E Section Name        Object

    0x08000000   0x08000000   0x00000188   Data   RO            3    RESET               startup_stm32f407xx.o
    0x08000188   0x08000188   0x00000000   Code   RO          859  * .ARM.Collect$$$$00000000  mc_w.l(entry.o)
    0x08000188   0x08000188   0x00000004   Code   RO         1129    .ARM.Collect$$$$00000001  mc_w.l(entry2.o)
    0x0800018c   0x0800018c   0x00000004   Code   RO         1132    .ARM.Collect$$$$00000004  mc_w.l(entry5.o)
    0x08000190   0x08000190   0x00000000   Code   RO         1134    .ARM.Collect$$$$00000008  mc_w.l(entry7b.o)
    0x08000190   0x08000190   0x00000000   Code   RO         1136    .ARM.Collect$$$$0000000A  mc_w.l(entry8b.o)
    0x08000190   0x08000190   0x00000008   Code   RO         1137    .ARM.Collect$$$$0000000B  mc_w.l(entry9a.o)
    0x08000198   0x08000198   0x00000000   Code   RO         1139    .ARM.Collect$$$$0000000D  mc_w.l(entry10a.o)
    0x08000198   0x08000198   0x00000000   Code   RO         1141    .ARM.Collect$$$$0000000F  mc_w.l(entry11a.o)
    0x08000198   0x08000198   0x00000004   Code   RO         1130    .ARM.Collect$$$$00002712  mc_w.l(entry2.o)
    0x0800019c   0x0800019c   0x00000024   Code   RO            4    .text               startup_stm32f407xx.o
    0x080001c0   0x080001c0   0x00000062   Code   RO          862    .text               mc_w.l(uldiv.o)
    0x08000222   0x08000222   0x00000024   Code   RO          864    .text               mc_w.l(memseta.o)
    0x08000246   0x08000246   0x0000002c   Code   RO         1148    .text               mc_w.l(uidiv.o)
    0x08000272   0x08000272   0x0000001e   Code   RO         1150    .text               mc_w.l(llshl.o)
    0x08000290   0x08000290   0x00000020   Code   RO         1152    .text               mc_w.l(llushr.o)
    0x080002b0   0x080002b0   0x00000000   Code   RO         1154    .text               mc_w.l(iusefp.o)
    0x080002b0   0x080002b0   0x0000014e   Code   RO         1155    .text               mf_w.l(dadd.o)
    0x080003fe   0x080003fe   0x000000e4   Code   RO         1157    .text               mf_w.l(dmul.o)
    0x080004e2   0x080004e2   0x000000de   Code   RO         1159    .text               mf_w.l(ddiv.o)
    0x080005c0   0x080005c0   0x00000030   Code   RO         1161    .text               mf_w.l(dfixul.o)
    0x080005f0   0x080005f0   0x00000030   Code   RO         1163    .text               mf_w.l(cdrcmple.o)
    0x08000620   0x08000620   0x00000024   Code   RO         1165    .text               mc_w.l(init.o)
    0x08000644   0x08000644   0x00000024   Code   RO         1168    .text               mc_w.l(llsshr.o)
    0x08000668   0x08000668   0x000000ba   Code   RO         1171    .text               mf_w.l(depilogue.o)
    0x08000722   0x08000722   0x00000002   PAD
    0x08000724   0x08000724   0x00000002   Code   RO          173    .text.BusFault_Handler  stm32f4xx_it.o
    0x08000726   0x08000726   0x00000002   Code   RO          179    .text.DebugMon_Handler  stm32f4xx_it.o
    0x08000728   0x08000728   0x000000dc   Code   RO          269    .text.Display_Dead  snake.o
    0x08000804   0x08000804   0x000000c4   Code   RO          271    .text.Display_Pass  snake.o
    0x080008c8   0x080008c8   0x00000006   Code   RO          185    .text.EXTI0_IRQHandler  stm32f4xx_it.o
    0x080008ce   0x080008ce   0x00000016   Code   RO          197    .text.EXTI15_10_IRQHandler  stm32f4xx_it.o
    0x080008e4   0x080008e4   0x00000006   Code   RO          187    .text.EXTI1_IRQHandler  stm32f4xx_it.o
    0x080008ea   0x080008ea   0x00000006   Code   RO          189    .text.EXTI2_IRQHandler  stm32f4xx_it.o
    0x080008f0   0x080008f0   0x00000006   Code   RO          191    .text.EXTI3_IRQHandler  stm32f4xx_it.o
    0x080008f6   0x080008f6   0x00000006   Code   RO          193    .text.EXTI4_IRQHandler  stm32f4xx_it.o
    0x080008fc   0x080008fc   0x00000006   Code   RO          195    .text.EXTI9_5_IRQHandler  stm32f4xx_it.o
    0x08000902   0x08000902   0x00000002   Code   RO           68    .text.Error_Handler  main.o
    0x08000904   0x08000904   0x00000032   Code   RO          246    .text.Game_Start    user_logic.o
    0x08000936   0x08000936   0x00000002   PAD
    0x08000938   0x08000938   0x000001a6   Code   RO           35    .text.Gui_DrawFont_GBK16  gui.o
    0x08000ade   0x08000ade   0x00000002   PAD
    0x08000ae0   0x08000ae0   0x000001ce   Code   RO           37    .text.Gui_DrawFont_GBK24  gui.o
    0x08000cae   0x08000cae   0x00000002   PAD
    0x08000cb0   0x08000cb0   0x00000096   Code   RO           39    .text.Gui_DrawFont_Num32  gui.o
    0x08000d46   0x08000d46   0x00000002   PAD
    0x08000d48   0x08000d48   0x000000c6   Code   RO           25    .text.Gui_DrawLine  gui.o
    0x08000e0e   0x08000e0e   0x00000018   Code   RO          144    .text.Gui_DrawPoint  spi.o
    0x08000e26   0x08000e26   0x00000002   PAD
    0x08000e28   0x08000e28   0x00000028   Code   RO          666    .text.HAL_Delay     stm32f4xx_hal.o
    0x08000e50   0x08000e50   0x000004ee   Code   RO           82    .text.HAL_GPIO_EXTI_Callback  gpio.o
    0x0800133e   0x0800133e   0x00000016   Code   RO          473    .text.HAL_GPIO_EXTI_IRQHandler  stm32f4xx_hal_gpio.o
    0x08001354   0x08001354   0x0000019c   Code   RO          461    .text.HAL_GPIO_Init  stm32f4xx_hal_gpio.o
    0x080014f0   0x080014f0   0x0000000a   Code   RO          465    .text.HAL_GPIO_ReadPin  stm32f4xx_hal_gpio.o
    0x080014fa   0x080014fa   0x0000000e   Code   RO          469    .text.HAL_GPIO_TogglePin  stm32f4xx_hal_gpio.o
    0x08001508   0x08001508   0x0000000a   Code   RO          467    .text.HAL_GPIO_WritePin  stm32f4xx_hal_gpio.o
    0x08001512   0x08001512   0x0000000c   Code   RO          658    .text.HAL_GetTick   stm32f4xx_hal.o
    0x0800151e   0x0800151e   0x0000001a   Code   RO          656    .text.HAL_IncTick   stm32f4xx_hal.o
    0x08001538   0x08001538   0x00000036   Code   RO          646    .text.HAL_Init      stm32f4xx_hal.o
    0x0800156e   0x0800156e   0x0000004c   Code   RO          648    .text.HAL_InitTick  stm32f4xx_hal.o
    0x080015ba   0x080015ba   0x00000038   Code   RO          207    .text.HAL_MspInit   stm32f4xx_hal_msp.o
    0x080015f2   0x080015f2   0x0000001e   Code   RO          603    .text.HAL_NVIC_EnableIRQ  stm32f4xx_hal_cortex.o
    0x08001610   0x08001610   0x0000005c   Code   RO          601    .text.HAL_NVIC_SetPriority  stm32f4xx_hal_cortex.o
    0x0800166c   0x0800166c   0x00000020   Code   RO          599    .text.HAL_NVIC_SetPriorityGrouping  stm32f4xx_hal_cortex.o
    0x0800168c   0x0800168c   0x0000014a   Code   RO          349    .text.HAL_RCC_ClockConfig  stm32f4xx_hal_rcc.o
    0x080017d6   0x080017d6   0x00000068   Code   RO          351    .text.HAL_RCC_GetSysClockFreq  stm32f4xx_hal_rcc.o
    0x0800183e   0x0800183e   0x00000002   PAD
    0x08001840   0x08001840   0x000002f0   Code   RO          347    .text.HAL_RCC_OscConfig  stm32f4xx_hal_rcc.o
    0x08001b30   0x08001b30   0x0000005a   Code   RO          316    .text.HAL_RNG_GenerateRandomNumber  stm32f4xx_hal_rng.o
    0x08001b8a   0x08001b8a   0x00000016   Code   RO          320    .text.HAL_RNG_GetRandomNumber  stm32f4xx_hal_rng.o
    0x08001ba0   0x08001ba0   0x00000030   Code   RO          308    .text.HAL_RNG_Init  stm32f4xx_hal_rng.o
    0x08001bd0   0x08001bd0   0x00000034   Code   RO          104    .text.HAL_RNG_MspInit  rng.o
    0x08001c04   0x08001c04   0x0000007e   Code   RO          739    .text.HAL_SPI_Init  stm32f4xx_hal_spi.o
    0x08001c82   0x08001c82   0x0000006e   Code   RO          120    .text.HAL_SPI_MspInit  spi.o
    0x08001cf0   0x08001cf0   0x0000016c   Code   RO          747    .text.HAL_SPI_Transmit  stm32f4xx_hal_spi.o
    0x08001e5c   0x08001e5c   0x0000002c   Code   RO          611    .text.HAL_SYSTICK_Config  stm32f4xx_hal_cortex.o
    0x08001e88   0x08001e88   0x00000002   Code   RO          169    .text.HardFault_Handler  stm32f4xx_it.o
    0x08001e8a   0x08001e8a   0x00000002   PAD
    0x08001e8c   0x08001e8c   0x00000154   Code   RO          263    .text.Init_SNAKE    snake.o
    0x08001fe0   0x08001fe0   0x00000044   Code   RO           43    .text.LCD_DrawSqure  gui.o
    0x08002024   0x08002024   0x0000006c   Code   RO           49    .text.LCD_DrawSqureBorder  gui.o
    0x08002090   0x08002090   0x00000038   Code   RO          126    .text.LCD_SPI_Init  spi.o
    0x080020c8   0x080020c8   0x0000003e   Code   RO          146    .text.Lcd_Clear     spi.o
    0x08002106   0x08002106   0x00000206   Code   RO          138    .text.Lcd_Init      spi.o
    0x0800230c   0x0800230c   0x0000002e   Code   RO          136    .text.Lcd_Reset     spi.o
    0x0800233a   0x0800233a   0x00000054   Code   RO          142    .text.Lcd_SetRegion  spi.o
    0x0800238e   0x0800238e   0x00000034   Code   RO          140    .text.Lcd_SetXY     spi.o
    0x080023c2   0x080023c2   0x00000002   PAD
    0x080023c4   0x080023c4   0x00000048   Code   RO          130    .text.Lcd_WriteData  spi.o
    0x0800240c   0x0800240c   0x00000048   Code   RO          128    .text.Lcd_WriteIndex  spi.o
    0x08002454   0x08002454   0x00000052   Code   RO          242    .text.Logic         user_logic.o
    0x080024a6   0x080024a6   0x0000021a   Code   RO           80    .text.MX_GPIO_Init  gpio.o
    0x080026c0   0x080026c0   0x00000026   Code   RO          102    .text.MX_RNG_Init   rng.o
    0x080026e6   0x080026e6   0x0000004e   Code   RO          118    .text.MX_SPI1_Init  spi.o
    0x08002734   0x08002734   0x00000002   Code   RO          171    .text.MemManage_Handler  stm32f4xx_it.o
    0x08002736   0x08002736   0x00000002   PAD
    0x08002738   0x08002738   0x00000288   Code   RO          244    .text.Menu_Show     user_logic.o
    0x080029c0   0x080029c0   0x00000002   Code   RO          167    .text.NMI_Handler   stm32f4xx_it.o
    0x080029c2   0x080029c2   0x00000002   Code   RO          181    .text.PendSV_Handler  stm32f4xx_it.o
    0x080029c4   0x080029c4   0x0000059e   Code   RO          265    .text.Run_SNAKE     snake.o
    0x08002f62   0x08002f62   0x00000002   PAD
    0x08002f64   0x08002f64   0x00000060   Code   RO          749    .text.SPI_EndRxTxTransaction  stm32f4xx_hal_spi.o
    0x08002fc4   0x08002fc4   0x0000008c   Code   RO          847    .text.SPI_WaitFlagStateUntilTimeout  stm32f4xx_hal_spi.o
    0x08003050   0x08003050   0x00000002   Code   RO          177    .text.SVC_Handler   stm32f4xx_it.o
    0x08003052   0x08003052   0x00000104   Code   RO          267    .text.Show_Head     snake.o
    0x08003156   0x08003156   0x00000004   Code   RO          183    .text.SysTick_Handler  stm32f4xx_it.o
    0x0800315a   0x0800315a   0x00000090   Code   RO           66    .text.SystemClock_Config  main.o
    0x080031ea   0x080031ea   0x00000058   Code   RO          216    .text.SystemInit    system_stm32f4xx.o
    0x08003242   0x08003242   0x00000002   PAD
    0x08003244   0x08003244   0x00000002   Code   RO          175    .text.UsageFault_Handler  stm32f4xx_it.o
    0x08003246   0x08003246   0x00000002   PAD
    0x08003248   0x08003248   0x0000001a   Code   RO          232    .text.User_main     user_main.o
    0x08003262   0x08003262   0x00000002   Code   RO          248    .text.delay_ms      user_logic.o
    0x08003264   0x08003264   0x00000026   Code   RO           64    .text.main          main.o
    0x0800328a   0x0800328a   0x00000002   PAD
    0x0800328c   0x0800328c   0x00000028   Code   RO         1101    i.__0sprintf        mc_w.l(printfa.o)
    0x080032b4   0x080032b4   0x0000000e   Code   RO         1175    i.__scatterload_copy  mc_w.l(handlers.o)
    0x080032c2   0x080032c2   0x00000002   Code   RO         1176    i.__scatterload_null  mc_w.l(handlers.o)
    0x080032c4   0x080032c4   0x0000000e   Code   RO         1177    i.__scatterload_zeroinit  mc_w.l(handlers.o)
    0x080032d2   0x080032d2   0x00000002   PAD
    0x080032d4   0x080032d4   0x00000184   Code   RO         1106    i._fp_digits        mc_w.l(printfa.o)
    0x08003458   0x08003458   0x000006dc   Code   RO         1107    i._printf_core      mc_w.l(printfa.o)
    0x08003b34   0x08003b34   0x00000024   Code   RO         1108    i._printf_post_padding  mc_w.l(printfa.o)
    0x08003b58   0x08003b58   0x0000002e   Code   RO         1109    i._printf_pre_padding  mc_w.l(printfa.o)
    0x08003b86   0x08003b86   0x0000000a   Code   RO         1111    i._sputc            mc_w.l(printfa.o)
    0x08003b90   0x08003b90   0x00000010   Data   RO          221    .rodata.AHBPrescTable  system_stm32f4xx.o
    0x08003ba0   0x08003ba0   0x000005f1   Data   RO           11    .rodata.asc16       font.o
    0x08004191   0x08004191   0x00000022   Data   RO           13    .rodata.hz16        font.o
    0x080041b3   0x080041b3   0x0000004a   Data   RO           14    .rodata.hz24        font.o
    0x080041fd   0x080041fd   0x00000041   Data   RO          253    .rodata.str1.1      user_logic.o
    0x0800423e   0x0800423e   0x00000003   Data   RO          297    .rodata.str1.1      snake.o
    0x08004241   0x08004241   0x00000781   Data   RO           12    .rodata.sz32        font.o
    0x080049c2   0x080049c2   0x00000002   PAD
    0x080049c4   0x080049c4   0x00000020   Data   RO         1174    Region$$Table       anon$$obj.o


    Execution Region RW_IRAM1 (Exec base: 0x20000000, Load base: 0x080049e8, Size: 0x00000b18, Max: 0x00020000, ABSOLUTE)

    Exec Addr    Load Addr    Size         Type   Attr      Idx    E Section Name        Object

    0x20000000   0x080049e8   0x00000001   Data   RW           86    .data.Menu_Index    gpio.o
    0x20000001   0x080049e9   0x00000003   PAD
    0x20000004   0x080049ec   0x00000004   Data   RW          220    .data.SystemCoreClock  system_stm32f4xx.o
    0x20000008   0x080049f0   0x00000001   Data   RW          701    .data.uwTickFreq    stm32f4xx_hal.o
    0x20000009   0x080049f1   0x00000003   PAD
    0x2000000c   0x080049f4   0x00000004   Data   RW          700    .data.uwTickPrio    stm32f4xx_hal.o
    0x20000010        -       0x00000100   Zero   RW          293    .bss.F_HeadX        snake.o
    0x20000110        -       0x00000100   Zero   RW          294    .bss.F_HeadY        snake.o
    0x20000210        -       0x00000003   Zero   RW          296    .bss.Food_R         snake.o
    0x20000213        -       0x00000001   Zero   RW          286    .bss.Game1_Continue  snake.o
    0x20000214        -       0x00000001   Zero   RW          283    .bss.Game1_Dead     snake.o
    0x20000215        -       0x00000001   Zero   RW          287    .bss.Game1_Dead_Refresh  snake.o
    0x20000216        -       0x00000001   Zero   RW           90    .bss.Game1_Down_Flag  gpio.o
    0x20000217        -       0x00000001   Zero   RW          279    .bss.Game1_Down_Status  snake.o
    0x20000218        -       0x00000001   Zero   RW          251    .bss.Game1_Flag     user_logic.o
    0x20000219        -       0x00000001   Zero   RW          282    .bss.Game1_InitFirst  snake.o
    0x2000021a        -       0x00000001   Zero   RW           91    .bss.Game1_Left_Flag  gpio.o
    0x2000021b        -       0x00000001   Zero   RW          280    .bss.Game1_Left_Status  snake.o
    0x2000021c        -       0x00000001   Zero   RW          285    .bss.Game1_Pass     snake.o
    0x2000021d        -       0x00000001   Zero   RW          288    .bss.Game1_Pass_Refresh  snake.o
    0x2000021e        -       0x00000001   Zero   RW          277    .bss.Game1_Pre      snake.o
    0x2000021f        -       0x00000001   Zero   RW          252    .bss.Game1_Refresh  user_logic.o
    0x20000220        -       0x00000001   Zero   RW          284    .bss.Game1_Restart  snake.o
    0x20000221        -       0x00000001   Zero   RW           92    .bss.Game1_Right_Flag  gpio.o
    0x20000222        -       0x00000001   Zero   RW          281    .bss.Game1_Right_Status  snake.o
    0x20000223        -       0x00000001   Zero   RW           89    .bss.Game1_Up_Flag  gpio.o
    0x20000224        -       0x00000001   Zero   RW          278    .bss.Game1_Up_Status  snake.o
    0x20000225        -       0x00000001   Zero   RW           87    .bss.Game_Flag      gpio.o
    0x20000226        -       0x00000100   Zero   RW          290    .bss.LEVEL          snake.o
    0x20000326        -       0x00000001   Zero   RW           85    .bss.Menu_Flag      gpio.o
    0x20000327        -       0x00000001   Zero   RW          250    .bss.Menu_Refresh   user_logic.o
    0x20000328        -       0x00000100   Zero   RW          289    .bss.SCORE          snake.o
    0x20000428        -       0x00000100   Zero   RW          291    .bss.S_HeadX        snake.o
    0x20000528        -       0x00000100   Zero   RW          292    .bss.S_HeadY        snake.o
    0x20000628        -       0x00000084   Zero   RW          295    .bss.Snake_R        snake.o
    0x200006ac        -       0x00000010   Zero   RW          108    .bss.hrng           rng.o
    0x200006bc        -       0x00000058   Zero   RW          148    .bss.hspi1          spi.o
    0x20000714        -       0x00000004   Zero   RW          702    .bss.uwTick         stm32f4xx_hal.o
    0x20000718        -       0x00000400   Zero   RW            1    STACK               startup_stm32f407xx.o


==============================================================================

Image component sizes


      Code (inc. data)   RO Data    RW Data    ZI Data      Debug   Object Name

         0          0       3550          0          0        813   font.o
      1800         16          0          1          6       5324   gpio.o
      1408          0          0          0          0       9918   gui.o
       184          0          0          0          0       2681   main.o
        90          0          0          0         16       2476   rng.o
      2454        132          3          0       1683       3756   snake.o
      1174          0          0          0         88       8048   spi.o
        36          8        392          0       1024        828   startup_stm32f407xx.o
       208          0          0          5          4       7142   stm32f4xx_hal.o
       198          0          0          0          0       9729   stm32f4xx_hal_cortex.o
       468          0          0          0          0       4918   stm32f4xx_hal_gpio.o
        56          0          0          0          0       1442   stm32f4xx_hal_msp.o
      1186          0          0          0          0       7028   stm32f4xx_hal_rcc.o
       160          0          0          0          0       4032   stm32f4xx_hal_rng.o
       726          0          0          0          0      19264   stm32f4xx_hal_spi.o
        78          0          0          0          0       1763   stm32f4xx_it.o
        88          0         16          4          0       2596   system_stm32f4xx.o
       782         84         65          0          3       1275   user_logic.o
        26          0          0          0          0        589   user_main.o

    ----------------------------------------------------------------------
     11148        240       4060         16       2824      93622   Object Totals
         0          0         32          0          0          0   (incl. Generated)
        26          0          2          6          0          0   (incl. Padding)

    ----------------------------------------------------------------------

      Code (inc. data)   RO Data    RW Data    ZI Data      Debug   Library Member Name

         0          0          0          0          0          0   entry.o
         0          0          0          0          0          0   entry10a.o
         0          0          0          0          0          0   entry11a.o
         8          4          0          0          0          0   entry2.o
         4          0          0          0          0          0   entry5.o
         0          0          0          0          0          0   entry7b.o
         0          0          0          0          0          0   entry8b.o
         8          4          0          0          0          0   entry9a.o
        30          0          0          0          0          0   handlers.o
        36          8          0          0          0         68   init.o
         0          0          0          0          0          0   iusefp.o
        30          0          0          0          0         68   llshl.o
        36          0          0          0          0         68   llsshr.o
        32          0          0          0          0         68   llushr.o
        36          0          0          0          0        108   memseta.o
      2276         86          0          0          0        520   printfa.o
        44          0          0          0          0         80   uidiv.o
        98          0          0          0          0         92   uldiv.o
        48          0          0          0          0         68   cdrcmple.o
       334          0          0          0          0        148   dadd.o
       222          0          0          0          0        100   ddiv.o
       186          0          0          0          0        176   depilogue.o
        48          0          0          0          0         68   dfixul.o
       228          0          0          0          0         96   dmul.o

    ----------------------------------------------------------------------
      3708        102          0          0          0       1728   Library Totals
         4          0          0          0          0          0   (incl. Padding)

    ----------------------------------------------------------------------

      Code (inc. data)   RO Data    RW Data    ZI Data      Debug   Library Name

      2638        102          0          0          0       1072   mc_w.l
      1066          0          0          0          0        656   mf_w.l

    ----------------------------------------------------------------------
      3708        102          0          0          0       1728   Library Totals

    ----------------------------------------------------------------------

==============================================================================


      Code (inc. data)   RO Data    RW Data    ZI Data      Debug   

     14856        342       4060         16       2824      94414   Grand Totals
     14856        342       4060         16       2824      94414   ELF Image Totals
     14856        342       4060         16          0          0   ROM Totals

==============================================================================

    Total RO  Size (Code + RO Data)                18916 (  18.47kB)
    Total RW  Size (RW Data + ZI Data)              2840 (   2.77kB)
    Total ROM Size (Code + RO Data + RW Data)      18932 (  18.49kB)

==============================================================================

